Archive member included to satisfy reference by file (symbol)

/usr/lib/gcc/arm-none-eabi/10.3.1/thumb/v6-m/nofp/libgcc.a(_dvmd_tls.o)
                              CMakeFiles/main.dir/__/lib/pico-sdk/src/rp2_common/pico_divider/divider.S.obj (__aeabi_idiv0)
/usr/lib/gcc/arm-none-eabi/10.3.1/../../../arm-none-eabi/lib/thumb/v6-m/nofp/libg.a(lib_a-atexit.o)
                              /usr/lib/gcc/arm-none-eabi/10.3.1/../../../arm-none-eabi/lib/thumb/v6-m/nofp/crt0.o (atexit)
/usr/lib/gcc/arm-none-eabi/10.3.1/../../../arm-none-eabi/lib/thumb/v6-m/nofp/libg.a(lib_a-calloc.o)
                              CMakeFiles/main.dir/__/lib/pico-sdk/src/rp2_common/pico_malloc/pico_malloc.c.obj (calloc)
/usr/lib/gcc/arm-none-eabi/10.3.1/../../../arm-none-eabi/lib/thumb/v6-m/nofp/libg.a(lib_a-callocr.o)
                              /usr/lib/gcc/arm-none-eabi/10.3.1/../../../arm-none-eabi/lib/thumb/v6-m/nofp/libg.a(lib_a-calloc.o) (_calloc_r)
/usr/lib/gcc/arm-none-eabi/10.3.1/../../../arm-none-eabi/lib/thumb/v6-m/nofp/libg.a(lib_a-ctype_.o)
                              CMakeFiles/main.dir/__/lib/pico-sdk/lib/tinyusb/src/tusb.c.obj (_ctype_)
/usr/lib/gcc/arm-none-eabi/10.3.1/../../../arm-none-eabi/lib/thumb/v6-m/nofp/libg.a(lib_a-fini.o)
                              /usr/lib/gcc/arm-none-eabi/10.3.1/../../../arm-none-eabi/lib/thumb/v6-m/nofp/crt0.o (__libc_fini_array)
/usr/lib/gcc/arm-none-eabi/10.3.1/../../../arm-none-eabi/lib/thumb/v6-m/nofp/libg.a(lib_a-impure.o)
                              /usr/lib/gcc/arm-none-eabi/10.3.1/../../../arm-none-eabi/lib/thumb/v6-m/nofp/libg.a(lib_a-calloc.o) (_impure_ptr)
/usr/lib/gcc/arm-none-eabi/10.3.1/../../../arm-none-eabi/lib/thumb/v6-m/nofp/libg.a(lib_a-init.o)
                              /usr/lib/gcc/arm-none-eabi/10.3.1/../../../arm-none-eabi/lib/thumb/v6-m/nofp/crt0.o (__libc_init_array)
/usr/lib/gcc/arm-none-eabi/10.3.1/../../../arm-none-eabi/lib/thumb/v6-m/nofp/libg.a(lib_a-malloc.o)
                              CMakeFiles/main.dir/__/lib/pico-sdk/src/rp2_common/pico_malloc/pico_malloc.c.obj (malloc)
/usr/lib/gcc/arm-none-eabi/10.3.1/../../../arm-none-eabi/lib/thumb/v6-m/nofp/libg.a(lib_a-mallocr.o)
                              /usr/lib/gcc/arm-none-eabi/10.3.1/../../../arm-none-eabi/lib/thumb/v6-m/nofp/libg.a(lib_a-callocr.o) (_malloc_r)
/usr/lib/gcc/arm-none-eabi/10.3.1/../../../arm-none-eabi/lib/thumb/v6-m/nofp/libg.a(lib_a-mlock.o)
                              /usr/lib/gcc/arm-none-eabi/10.3.1/../../../arm-none-eabi/lib/thumb/v6-m/nofp/libg.a(lib_a-mallocr.o) (__malloc_lock)
/usr/lib/gcc/arm-none-eabi/10.3.1/../../../arm-none-eabi/lib/thumb/v6-m/nofp/libg.a(lib_a-realloc.o)
                              CMakeFiles/main.dir/__/lib/pico-sdk/src/rp2_common/pico_malloc/pico_malloc.c.obj (realloc)
/usr/lib/gcc/arm-none-eabi/10.3.1/../../../arm-none-eabi/lib/thumb/v6-m/nofp/libg.a(lib_a-reallocr.o)
                              /usr/lib/gcc/arm-none-eabi/10.3.1/../../../arm-none-eabi/lib/thumb/v6-m/nofp/libg.a(lib_a-realloc.o) (_realloc_r)
/usr/lib/gcc/arm-none-eabi/10.3.1/../../../arm-none-eabi/lib/thumb/v6-m/nofp/libg.a(lib_a-sbrkr.o)
                              /usr/lib/gcc/arm-none-eabi/10.3.1/../../../arm-none-eabi/lib/thumb/v6-m/nofp/libg.a(lib_a-mallocr.o) (_sbrk_r)
/usr/lib/gcc/arm-none-eabi/10.3.1/../../../arm-none-eabi/lib/thumb/v6-m/nofp/libg.a(lib_a-strlen-stub.o)
                              CMakeFiles/main.dir/__/lib/pico-sdk/src/rp2_common/pico_stdio/stdio.c.obj (strlen)
/usr/lib/gcc/arm-none-eabi/10.3.1/../../../arm-none-eabi/lib/thumb/v6-m/nofp/libg.a(lib_a-__atexit.o)
                              /usr/lib/gcc/arm-none-eabi/10.3.1/../../../arm-none-eabi/lib/thumb/v6-m/nofp/libg.a(lib_a-atexit.o) (__register_exitproc)
/usr/lib/gcc/arm-none-eabi/10.3.1/../../../arm-none-eabi/lib/thumb/v6-m/nofp/libg.a(lib_a-freer.o)
                              /usr/lib/gcc/arm-none-eabi/10.3.1/../../../arm-none-eabi/lib/thumb/v6-m/nofp/libg.a(lib_a-malloc.o) (_free_r)
/usr/lib/gcc/arm-none-eabi/10.3.1/../../../arm-none-eabi/lib/thumb/v6-m/nofp/libg.a(lib_a-memmove.o)
                              /usr/lib/gcc/arm-none-eabi/10.3.1/../../../arm-none-eabi/lib/thumb/v6-m/nofp/libg.a(lib_a-reallocr.o) (memmove)
/usr/lib/gcc/arm-none-eabi/10.3.1/../../../arm-none-eabi/lib/thumb/v6-m/nofp/libg.a(lib_a-reent.o)
                              /usr/lib/gcc/arm-none-eabi/10.3.1/../../../arm-none-eabi/lib/thumb/v6-m/nofp/libg.a(lib_a-sbrkr.o) (errno)

Discarded input sections

 .text          0x0000000000000000        0x0 /usr/lib/gcc/arm-none-eabi/10.3.1/thumb/v6-m/nofp/crti.o
 .data          0x0000000000000000        0x0 /usr/lib/gcc/arm-none-eabi/10.3.1/thumb/v6-m/nofp/crti.o
 .bss           0x0000000000000000        0x0 /usr/lib/gcc/arm-none-eabi/10.3.1/thumb/v6-m/nofp/crti.o
 .data          0x0000000000000000        0x4 /usr/lib/gcc/arm-none-eabi/10.3.1/thumb/v6-m/nofp/crtbegin.o
[...]
Memory Configuration

Name             Origin             Length             Attributes
FLASH            0x0000000010000000 0x0000000000200000 xr
RAM              0x0000000020000000 0x0000000000040000 xrw
SCRATCH_X        0x0000000020040000 0x0000000000001000 xrw
SCRATCH_Y        0x0000000020041000 0x0000000000001000 xrw
*default*        0x0000000000000000 0xffffffffffffffff

Linker script and memory map

LOAD /usr/lib/gcc/arm-none-eabi/10.3.1/thumb/v6-m/nofp/crti.o
LOAD /usr/lib/gcc/arm-none-eabi/10.3.1/thumb/v6-m/nofp/crtbegin.o
LOAD /usr/lib/gcc/arm-none-eabi/10.3.1/../../../arm-none-eabi/lib/thumb/v6-m/nofp/crt0.o

.flash_begin    0x0000000010000000        0x0
                0x0000000010000000                __flash_binary_start = .

.boot2          0x0000000010000000      0x100
                0x0000000010000000                __boot2_start__ = .
 *(.boot2)
 .boot2         0x0000000010000000      0x100 /tmp/cc4MAz9x.o
                0x0000000010000100                __boot2_end__ = .
                0x0000000000000001                ASSERT (((__boot2_end__ - __boot2_start__) == 0x100), ERROR: Pico second stage bootloader must be 256 bytes in size)

.text           0x0000000010000100     0x8ab0
                0x0000000010000100                __logical_binary_start = .
 *(.vectors)
 .vectors       0x0000000010000100       0xd4 CMakeFiles/main.dir/__/lib/pico-sdk/src/rp2_common/pico_standard_link/crt0.S.obj
                0x0000000010000100                __vectors
                0x0000000010000100                __VECTOR_TABLE
                0x00000000100001c0                isr_invalid
                0x00000000100001c0                __default_isrs_start
                0x00000000100001c2                isr_nmi
                0x00000000100001c4                isr_hardfault
                0x00000000100001c6                isr_svcall
                0x00000000100001c8                isr_pendsv
                0x00000000100001ca                isr_systick
                0x00000000100001cc                isr_irq30
                0x00000000100001cc                __unhandled_user_irq
                0x00000000100001cc                isr_irq13
                0x00000000100001cc                isr_irq27
                0x00000000100001cc                isr_irq31
                0x00000000100001cc                isr_irq5
                0x00000000100001cc                isr_irq11
                0x00000000100001cc                isr_irq23
                0x00000000100001cc                isr_irq18
                0x00000000100001cc                isr_irq28
                0x00000000100001cc                isr_irq19
                0x00000000100001cc                isr_irq0
                0x00000000100001cc                isr_irq6
                0x00000000100001cc                isr_irq22
                0x00000000100001cc                isr_irq17
                0x00000000100001cc                isr_irq14
                0x00000000100001cc                isr_irq2
                0x00000000100001cc                isr_irq10
                0x00000000100001cc                isr_irq8
                0x00000000100001cc                isr_irq24
                0x00000000100001cc                isr_irq1
                0x00000000100001cc                isr_irq7
                0x00000000100001cc                isr_irq21
                0x00000000100001cc                isr_irq20
                0x00000000100001cc                isr_irq15
                0x00000000100001cc                isr_irq25
                0x00000000100001cc                isr_irq4
                0x00000000100001cc                isr_irq16
                0x00000000100001cc                isr_irq29
                0x00000000100001cc                isr_irq26
                0x00000000100001cc                __default_isrs_end
                0x00000000100001cc                isr_irq3
                0x00000000100001cc                isr_irq12
                0x00000000100001cc                isr_irq9
                0x00000000100001d2                unhandled_user_irq_num_in_r0
 *(.binary_info_header)
 .binary_info_header
                0x00000000100001d4       0x14 CMakeFiles/main.dir/__/lib/pico-sdk/src/rp2_common/pico_standard_link/crt0.S.obj
                0x00000000100001e8                __binary_info_header_end = .
 *(.reset)
 .reset         0x00000000100001e8       0xa8 CMakeFiles/main.dir/__/lib/pico-sdk/src/rp2_common/pico_standard_link/crt0.S.obj
                0x00000000100001e8                _entry_point
                0x0000000010000266                __get_current_exception
 .reset         0x0000000010000290       0x30 CMakeFiles/main.dir/__/lib/pico-sdk/src/rp2_common/pico_standard_link/binary_info.c.obj
 *(.init)
 .init          0x00000000100002c0        0x4 /usr/lib/gcc/arm-none-eabi/10.3.1/thumb/v6-m/nofp/crti.o
                0x00000000100002c0                _init
 *(EXCLUDE_FILE(*libm.a: *libc.a:*lib_a-mem*.o *libgcc.a:) .text*)
 .text          0x00000000100002c4       0x98 /usr/lib/gcc/arm-none-eabi/10.3.1/thumb/v6-m/nofp/crtbegin.o
 .text._Z5setupv
                0x000000001000035c       0xe0 CMakeFiles/main.dir/main.cpp.obj
                0x000000001000035c                setup()
 .text._Z4loopv
                0x000000001000043c      0x174 CMakeFiles/main.dir/main.cpp.obj
                0x000000001000043c                loop()
 .text.main     0x00000000100005b0       0x14 CMakeFiles/main.dir/main.cpp.obj
                0x00000000100005b0                main
 .text._Z41__static_initialization_and_destruction_0ii
                0x00000000100005c4       0x50 CMakeFiles/main.dir/main.cpp.obj
 .text._GLOBAL__sub_I_radio
                0x0000000010000614       0x10 CMakeFiles/main.dir/main.cpp.obj
 .text._ZN4RF243csnEb
                0x0000000010000624       0x14 CMakeFiles/main.dir/__/lib/RF24/RF24.cpp.obj
                0x0000000010000624                RF24::csn(bool)
 .text._ZN4RF242ceEb
                0x0000000010000638       0x14 CMakeFiles/main.dir/__/lib/RF24/RF24.cpp.obj
                0x0000000010000638                RF24::ce(bool)
 .text._ZN4RF2413read_registerEhPhh
                0x000000001000064c       0x78 CMakeFiles/main.dir/__/lib/RF24/RF24.cpp.obj
                0x000000001000064c                RF24::read_register(unsigned char, unsigned char*, unsigned char)
 .text._ZN4RF2413read_registerEh
                0x00000000100006c4       0x44 CMakeFiles/main.dir/__/lib/RF24/RF24.cpp.obj
                0x00000000100006c4                RF24::read_register(unsigned char)
 .text._ZN4RF2414write_registerEhPKhh
                0x0000000010000708       0x60 CMakeFiles/main.dir/__/lib/RF24/RF24.cpp.obj
                0x0000000010000708                RF24::write_register(unsigned char, unsigned char const*, unsigned char)
 .text._ZN4RF2414write_registerEhhb
                0x0000000010000768       0x72 CMakeFiles/main.dir/__/lib/RF24/RF24.cpp.obj
                0x0000000010000768                RF24::write_register(unsigned char, unsigned char, bool)
 .text._ZN4RF2413write_payloadEPKvhh
                0x00000000100007da       0xac CMakeFiles/main.dir/__/lib/RF24/RF24.cpp.obj
                0x00000000100007da                RF24::write_payload(void const*, unsigned char, unsigned char)
 .text._ZN4RF2412read_payloadEPvh
                0x0000000010000886       0xac CMakeFiles/main.dir/__/lib/RF24/RF24.cpp.obj
                0x0000000010000886                RF24::read_payload(void*, unsigned char)
 .text._ZN4RF248flush_rxEv
                0x0000000010000932       0x14 CMakeFiles/main.dir/__/lib/RF24/RF24.cpp.obj
                0x0000000010000932                RF24::flush_rx()
 .text._ZN4RF248flush_txEv
                0x0000000010000946       0x14 CMakeFiles/main.dir/__/lib/RF24/RF24.cpp.obj
                0x0000000010000946                RF24::flush_tx()
 .text._ZN4RF2410get_statusEv
                0x000000001000095a       0x14 CMakeFiles/main.dir/__/lib/RF24/RF24.cpp.obj
                0x000000001000095a                RF24::get_status()
 *fill*         0x000000001000096e        0x2 
 .text._ZN4RF2412print_statusEh
                0x0000000010000970       0x30 CMakeFiles/main.dir/__/lib/RF24/RF24.cpp.obj
                0x0000000010000970                RF24::print_status(unsigned char)
 .text._ZN4RF2419print_byte_registerEPKchh
                0x00000000100009a0       0x4c CMakeFiles/main.dir/__/lib/RF24/RF24.cpp.obj
                0x00000000100009a0                RF24::print_byte_register(char const*, unsigned char, unsigned char)
 .text._ZN4RF2422print_address_registerEPKchh
                0x00000000100009ec       0x88 CMakeFiles/main.dir/__/lib/RF24/RF24.cpp.obj
                0x00000000100009ec                RF24::print_address_register(char const*, unsigned char, unsigned char)
 .text._ZN4RF249_init_objEv
                0x0000000010000a74       0x1c CMakeFiles/main.dir/__/lib/RF24/RF24.cpp.obj
                0x0000000010000a74                RF24::_init_obj()
 .text._ZN4RF24C2Ettm
                0x0000000010000a90       0x3c CMakeFiles/main.dir/__/lib/RF24/RF24.cpp.obj
                0x0000000010000a90                RF24::RF24(unsigned short, unsigned short, unsigned long)
                0x0000000010000a90                RF24::RF24(unsigned short, unsigned short, unsigned long)
 .text._ZN4RF2410setChannelEh
                0x0000000010000acc       0x14 CMakeFiles/main.dir/__/lib/RF24/RF24.cpp.obj
                0x0000000010000acc                RF24::setChannel(unsigned char)
 .text._ZN4RF2410getChannelEv
                0x0000000010000ae0        0xa CMakeFiles/main.dir/__/lib/RF24/RF24.cpp.obj
                0x0000000010000ae0                RF24::getChannel()
 .text._ZN4RF2414setPayloadSizeEh
                0x0000000010000aea       0x3a CMakeFiles/main.dir/__/lib/RF24/RF24.cpp.obj
                0x0000000010000aea                RF24::setPayloadSize(unsigned char)
 .text._ZN4RF2414getPayloadSizeEv
                0x0000000010000b24        0x6 CMakeFiles/main.dir/__/lib/RF24/RF24.cpp.obj
                0x0000000010000b24                RF24::getPayloadSize()
 *fill*         0x0000000010000b2a        0x2 
 .text._ZN4RF247isValidEv
                0x0000000010000b2c       0x20 CMakeFiles/main.dir/__/lib/RF24/RF24.cpp.obj
                0x0000000010000b2c                RF24::isValid()
 .text._ZN4RF2410_init_pinsEv
                0x0000000010000b4c       0x38 CMakeFiles/main.dir/__/lib/RF24/RF24.cpp.obj
                0x0000000010000b4c                RF24::_init_pins()
 .text._ZN4RF2413stopListeningEv
                0x0000000010000b84       0x54 CMakeFiles/main.dir/__/lib/RF24/RF24.cpp.obj
                0x0000000010000b84                RF24::stopListening()
 .text._ZN4RF249powerDownEv
                0x0000000010000bd8       0x20 CMakeFiles/main.dir/__/lib/RF24/RF24.cpp.obj
                0x0000000010000bd8                RF24::powerDown()
 .text._ZN4RF247powerUpEv
                0x0000000010000bf8       0x2c CMakeFiles/main.dir/__/lib/RF24/RF24.cpp.obj
                0x0000000010000bf8                RF24::powerUp()
 .text._ZN4RF249errNotifyEv
                0x0000000010000c24        0x8 CMakeFiles/main.dir/__/lib/RF24/RF24.cpp.obj
                0x0000000010000c24                RF24::errNotify()
 .text._ZN4RF2414startFastWriteEPKvhbb
                0x0000000010000c2c       0x28 CMakeFiles/main.dir/__/lib/RF24/RF24.cpp.obj
                0x0000000010000c2c                RF24::startFastWrite(void const*, unsigned char, bool, bool)
 .text._ZN4RF245writeEPKvhb
                0x0000000010000c54       0xc0 CMakeFiles/main.dir/__/lib/RF24/RF24.cpp.obj
                0x0000000010000c54                RF24::write(void const*, unsigned char, bool)
 .text._ZN4RF245writeEPKvh
                0x0000000010000d14        0xa CMakeFiles/main.dir/__/lib/RF24/RF24.cpp.obj
                0x0000000010000d14                RF24::write(void const*, unsigned char)
 .text._ZN4RF249availableEPh
                0x0000000010000d1e       0x24 CMakeFiles/main.dir/__/lib/RF24/RF24.cpp.obj
                0x0000000010000d1e                RF24::available(unsigned char*)
 .text._ZN4RF244readEPvh
                0x0000000010000d42       0x16 CMakeFiles/main.dir/__/lib/RF24/RF24.cpp.obj
                0x0000000010000d42                RF24::read(void*, unsigned char)
 .text._ZN4RF2415openWritingPipeEPKh
                0x0000000010000d58       0x20 CMakeFiles/main.dir/__/lib/RF24/RF24.cpp.obj
                0x0000000010000d58                RF24::openWritingPipe(unsigned char const*)
 .text._ZN4RF2415setAddressWidthEh
                0x0000000010000d78       0x34 CMakeFiles/main.dir/__/lib/RF24/RF24.cpp.obj
                0x0000000010000d78                RF24::setAddressWidth(unsigned char)
 .text._ZN4RF2415openReadingPipeEhPKh
                0x0000000010000dac       0x74 CMakeFiles/main.dir/__/lib/RF24/RF24.cpp.obj
                0x0000000010000dac                RF24::openReadingPipe(unsigned char, unsigned char const*)
 .text._ZN4RF2416closeReadingPipeEh
                0x0000000010000e20       0x34 CMakeFiles/main.dir/__/lib/RF24/RF24.cpp.obj
                0x0000000010000e20                RF24::closeReadingPipe(unsigned char)
 .text._ZN4RF2414startListeningEv
                0x0000000010000e54       0x56 CMakeFiles/main.dir/__/lib/RF24/RF24.cpp.obj
                0x0000000010000e54                RF24::startListening()
 .text._ZN4RF2415toggle_featuresEv
                0x0000000010000eaa       0x30 CMakeFiles/main.dir/__/lib/RF24/RF24.cpp.obj
                0x0000000010000eaa                RF24::toggle_features()
 .text._ZN4RF2410isPVariantEv
                0x0000000010000eda        0x6 CMakeFiles/main.dir/__/lib/RF24/RF24.cpp.obj
                0x0000000010000eda                RF24::isPVariant()
 .text._ZN4RF2410setPALevelEhb
                0x0000000010000ee0       0x32 CMakeFiles/main.dir/__/lib/RF24/RF24.cpp.obj
                0x0000000010000ee0                RF24::setPALevel(unsigned char, bool)
 .text._ZN4RF2410getPALevelEv
                0x0000000010000f12       0x10 CMakeFiles/main.dir/__/lib/RF24/RF24.cpp.obj
                0x0000000010000f12                RF24::getPALevel()
 .text._ZN4RF246getARCEv
                0x0000000010000f22        0xe CMakeFiles/main.dir/__/lib/RF24/RF24.cpp.obj
                0x0000000010000f22                RF24::getARC()
 .text._ZN4RF2411setDataRateE15rf24_datarate_e
                0x0000000010000f30       0x54 CMakeFiles/main.dir/__/lib/RF24/RF24.cpp.obj
                0x0000000010000f30                RF24::setDataRate(rf24_datarate_e)
 .text._ZN4RF2411getDataRateEv
                0x0000000010000f84       0x20 CMakeFiles/main.dir/__/lib/RF24/RF24.cpp.obj
                0x0000000010000f84                RF24::getDataRate()
 .text._ZN4RF2412getCRCLengthEv
                0x0000000010000fa4       0x2e CMakeFiles/main.dir/__/lib/RF24/RF24.cpp.obj
                0x0000000010000fa4                RF24::getCRCLength()
 *fill*         0x0000000010000fd2        0x2 
 .text._ZN4RF2412printDetailsEv
                0x0000000010000fd4      0x148 CMakeFiles/main.dir/__/lib/RF24/RF24.cpp.obj
                0x0000000010000fd4                RF24::printDetails()
 .text._ZN4RF2418printPrettyDetailsEv
                0x000000001000111c      0x2a4 CMakeFiles/main.dir/__/lib/RF24/RF24.cpp.obj
                0x000000001000111c                RF24::printPrettyDetails()
 .text._ZN4RF2410setRetriesEhh
                0x00000000100013c0       0x26 CMakeFiles/main.dir/__/lib/RF24/RF24.cpp.obj
                0x00000000100013c0                RF24::setRetries(unsigned char, unsigned char)
 .text._ZN4RF2411_init_radioEv
                0x00000000100013e6       0xe4 CMakeFiles/main.dir/__/lib/RF24/RF24.cpp.obj
                0x00000000100013e6                RF24::_init_radio()
 *fill*         0x00000000100014ca        0x2 
 .text._ZN4RF245beginEv
                0x00000000100014cc       0x24 CMakeFiles/main.dir/__/lib/RF24/RF24.cpp.obj
                0x00000000100014cc                RF24::begin()
 .text._Z41__static_initialization_and_destruction_0ii
                0x00000000100014f0       0x34 CMakeFiles/main.dir/__/lib/RF24/RF24.cpp.obj
 .text._GLOBAL__sub_I__ZN4RF243csnEb
                0x0000000010001524       0x10 CMakeFiles/main.dir/__/lib/RF24/RF24.cpp.obj
 .text._ZN4GPIO4openEii
                0x0000000010001534       0x22 CMakeFiles/main.dir/__/lib/RF24/utility/rp2/gpio.cpp.obj
                0x0000000010001534                GPIO::open(int, int)
 .text._ZN4GPIO5writeEii
                0x0000000010001556       0x18 CMakeFiles/main.dir/__/lib/RF24/utility/rp2/gpio.cpp.obj
                0x0000000010001556                GPIO::write(int, int)
 *fill*         0x000000001000156e        0x2 
 .text._ZN3SPID2Ev
                0x0000000010001570        0xc CMakeFiles/main.dir/__/lib/RF24/utility/rp2/spi.cpp.obj
                0x0000000010001570                SPI::~SPI()
                0x0000000010001570                SPI::~SPI()
 .text._ZN3SPID0Ev
                0x000000001000157c       0x14 CMakeFiles/main.dir/__/lib/RF24/utility/rp2/spi.cpp.obj
                0x000000001000157c                SPI::~SPI()
 .text._ZN3SPIC2Ev
                0x0000000010001590        0xc CMakeFiles/main.dir/__/lib/RF24/utility/rp2/spi.cpp.obj
                0x0000000010001590                SPI::SPI()
                0x0000000010001590                SPI::SPI()
 .text._ZN3SPI5beginEP8spi_insthhh
                0x000000001000159c       0x2c CMakeFiles/main.dir/__/lib/RF24/utility/rp2/spi.cpp.obj
                0x000000001000159c                SPI::begin(spi_inst*, unsigned char, unsigned char, unsigned char)
 .text._ZN3SPI5beginEP8spi_inst
                0x00000000100015c8        0xe CMakeFiles/main.dir/__/lib/RF24/utility/rp2/spi.cpp.obj
                0x00000000100015c8                SPI::begin(spi_inst*)
 *fill*         0x00000000100015d6        0x2 
 .text._ZN3SPI8transferEh
                0x00000000100015d8       0x2c CMakeFiles/main.dir/__/lib/RF24/utility/rp2/spi.cpp.obj
                0x00000000100015d8                SPI::transfer(unsigned char)
 .text._ZN3SPI10transfernbEPKhPhm
                0x0000000010001604       0x18 CMakeFiles/main.dir/__/lib/RF24/utility/rp2/spi.cpp.obj
                0x0000000010001604                SPI::transfernb(unsigned char const*, unsigned char*, unsigned long)
 .text._ZN3SPI16beginTransactionEm
                0x000000001000161c       0x28 CMakeFiles/main.dir/__/lib/RF24/utility/rp2/spi.cpp.obj
                0x000000001000161c                SPI::beginTransaction(unsigned long)
 .text._ZN3SPI14endTransactionEv
                0x0000000010001644       0x10 CMakeFiles/main.dir/__/lib/RF24/utility/rp2/spi.cpp.obj
                0x0000000010001644                SPI::endTransaction()
 .text.gpio_set_function
                0x0000000010001654       0x30 CMakeFiles/main.dir/__/lib/pico-sdk/src/rp2_common/hardware_gpio/gpio.c.obj
                0x0000000010001654                gpio_set_function
 .text.gpio_init
                0x0000000010001684       0x16 CMakeFiles/main.dir/__/lib/pico-sdk/src/rp2_common/hardware_gpio/gpio.c.obj
                0x0000000010001684                gpio_init
 *fill*         0x000000001000169a        0x2 
 .text.hw_claim_lock
                0x000000001000169c       0x18 CMakeFiles/main.dir/__/lib/pico-sdk/src/rp2_common/hardware_claim/claim.c.obj
                0x000000001000169c                hw_claim_lock
 .text.hw_claim_unlock
                0x00000000100016b4       0x14 CMakeFiles/main.dir/__/lib/pico-sdk/src/rp2_common/hardware_claim/claim.c.obj
                0x00000000100016b4                hw_claim_unlock
 .text.hw_claim_or_assert
                0x00000000100016c8       0x32 CMakeFiles/main.dir/__/lib/pico-sdk/src/rp2_common/hardware_claim/claim.c.obj
                0x00000000100016c8                hw_claim_or_assert
 .text.hw_claim_unused_from_range
                0x00000000100016fa       0x50 CMakeFiles/main.dir/__/lib/pico-sdk/src/rp2_common/hardware_claim/claim.c.obj
                0x00000000100016fa                hw_claim_unused_from_range
 *fill*         0x000000001000174a        0x2 
 .text.running_on_fpga
                0x000000001000174c       0x14 CMakeFiles/main.dir/__/lib/pico-sdk/src/rp2_common/pico_platform/platform.c.obj
                0x000000001000174c                running_on_fpga
 .text.spin_locks_reset
                0x0000000010001760       0x20 CMakeFiles/main.dir/__/lib/pico-sdk/src/rp2_common/hardware_sync/sync.c.obj
                0x0000000010001760                spin_locks_reset
 .text.next_striped_spin_lock_num
                0x0000000010001780       0x1c CMakeFiles/main.dir/__/lib/pico-sdk/src/rp2_common/hardware_sync/sync.c.obj
                0x0000000010001780                next_striped_spin_lock_num
 .text.spin_lock_claim_unused
                0x000000001000179c       0x20 CMakeFiles/main.dir/__/lib/pico-sdk/src/rp2_common/hardware_sync/sync.c.obj
                0x000000001000179c                spin_lock_claim_unused
 .text.set_raw_irq_handler_and_unlock
                0x00000000100017bc       0x28 CMakeFiles/main.dir/__/lib/pico-sdk/src/rp2_common/hardware_irq/irq.c.obj
 .text.make_branch
                0x00000000100017e4       0x48 CMakeFiles/main.dir/__/lib/pico-sdk/src/rp2_common/hardware_irq/irq.c.obj
 .text.insert_branch_and_link
                0x000000001000182c       0x40 CMakeFiles/main.dir/__/lib/pico-sdk/src/rp2_common/hardware_irq/irq.c.obj
 .text.irq_is_enabled
                0x000000001000186c       0x18 CMakeFiles/main.dir/__/lib/pico-sdk/src/rp2_common/hardware_irq/irq.c.obj
                0x000000001000186c                irq_is_enabled
 .text.irq_set_mask_enabled
                0x0000000010001884       0x20 CMakeFiles/main.dir/__/lib/pico-sdk/src/rp2_common/hardware_irq/irq.c.obj
                0x0000000010001884                irq_set_mask_enabled
 .text.irq_set_enabled
                0x00000000100018a4        0xe CMakeFiles/main.dir/__/lib/pico-sdk/src/rp2_common/hardware_irq/irq.c.obj
                0x00000000100018a4                irq_set_enabled
 *fill*         0x00000000100018b2        0x2 
 .text.irq_set_pending
                0x00000000100018b4       0x10 CMakeFiles/main.dir/__/lib/pico-sdk/src/rp2_common/hardware_irq/irq.c.obj
                0x00000000100018b4                irq_set_pending
 .text.irq_get_vtable_handler
                0x00000000100018c4       0x10 CMakeFiles/main.dir/__/lib/pico-sdk/src/rp2_common/hardware_irq/irq.c.obj
                0x00000000100018c4                irq_get_vtable_handler
 .text.irq_has_shared_handler
                0x00000000100018d4       0x24 CMakeFiles/main.dir/__/lib/pico-sdk/src/rp2_common/hardware_irq/irq.c.obj
                0x00000000100018d4                irq_has_shared_handler
 .text.irq_set_exclusive_handler
                0x00000000100018f8       0x54 CMakeFiles/main.dir/__/lib/pico-sdk/src/rp2_common/hardware_irq/irq.c.obj
                0x00000000100018f8                irq_set_exclusive_handler
 .text.irq_add_shared_handler
                0x000000001000194c      0x230 CMakeFiles/main.dir/__/lib/pico-sdk/src/rp2_common/hardware_irq/irq.c.obj
                0x000000001000194c                irq_add_shared_handler
 .text.irq_remove_handler
                0x0000000010001b7c      0x1a8 CMakeFiles/main.dir/__/lib/pico-sdk/src/rp2_common/hardware_irq/irq.c.obj
                0x0000000010001b7c                irq_remove_handler
 .text.irq_add_tail_to_free_list
                0x0000000010001d24       0xf0 CMakeFiles/main.dir/__/lib/pico-sdk/src/rp2_common/hardware_irq/irq.c.obj
                0x0000000010001d24                irq_add_tail_to_free_list
 .text.irq_init_priorities
                0x0000000010001e14       0x1c CMakeFiles/main.dir/__/lib/pico-sdk/src/rp2_common/hardware_irq/irq.c.obj
                0x0000000010001e14                irq_init_priorities
 .text.user_irq_claim_unused
                0x0000000010001e30       0x30 CMakeFiles/main.dir/__/lib/pico-sdk/src/rp2_common/hardware_irq/irq.c.obj
                0x0000000010001e30                user_irq_claim_unused
 .text.lock_init
                0x0000000010001e60       0x10 CMakeFiles/main.dir/__/lib/pico-sdk/src/common/pico_sync/lock_core.c.obj
                0x0000000010001e60                lock_init
 .text.alarm_pool_post_alloc_init
                0x0000000010001e70       0x40 CMakeFiles/main.dir/__/lib/pico-sdk/src/common/pico_time/time.c.obj
 .text.sleep_until_callback
                0x0000000010001eb0       0x30 CMakeFiles/main.dir/__/lib/pico-sdk/src/common/pico_time/time.c.obj
 .text.timer_pool_entry_comparator
                0x0000000010001ee0       0x7c CMakeFiles/main.dir/__/lib/pico-sdk/src/common/pico_time/time.c.obj
                0x0000000010001ee0                timer_pool_entry_comparator
 .text.ph_add_child_node
                0x0000000010001f5c       0xa4 CMakeFiles/main.dir/__/lib/pico-sdk/src/common/pico_time/time.c.obj
 .text.ph_merge_nodes
                0x0000000010002000       0x3e CMakeFiles/main.dir/__/lib/pico-sdk/src/common/pico_time/time.c.obj
 *fill*         0x000000001000203e        0x2 
 .text.add_alarm_under_lock
                0x0000000010002040      0x174 CMakeFiles/main.dir/__/lib/pico-sdk/src/common/pico_time/time.c.obj
 .text.alarm_pool_alarm_callback
                0x00000000100021b4      0x328 CMakeFiles/main.dir/__/lib/pico-sdk/src/common/pico_time/time.c.obj
 .text.alarm_pool_init_default
                0x00000000100024dc       0x38 CMakeFiles/main.dir/__/lib/pico-sdk/src/common/pico_time/time.c.obj
                0x00000000100024dc                alarm_pool_init_default
 .text.alarm_pool_get_default
                0x0000000010002514       0x2c CMakeFiles/main.dir/__/lib/pico-sdk/src/common/pico_time/time.c.obj
                0x0000000010002514                alarm_pool_get_default
 .text.alarm_pool_add_alarm_at
                0x0000000010002540      0x170 CMakeFiles/main.dir/__/lib/pico-sdk/src/common/pico_time/time.c.obj
                0x0000000010002540                alarm_pool_add_alarm_at
 .text.alarm_pool_cancel_alarm
                0x00000000100026b0       0xf0 CMakeFiles/main.dir/__/lib/pico-sdk/src/common/pico_time/time.c.obj
                0x00000000100026b0                alarm_pool_cancel_alarm
 .text.sleep_until
                0x00000000100027a0       0xfc CMakeFiles/main.dir/__/lib/pico-sdk/src/common/pico_time/time.c.obj
                0x00000000100027a0                sleep_until
 .text.sleep_us
                0x000000001000289c       0x58 CMakeFiles/main.dir/__/lib/pico-sdk/src/common/pico_time/time.c.obj
                0x000000001000289c                sleep_us
 .text.sleep_ms
                0x00000000100028f4       0x14 CMakeFiles/main.dir/__/lib/pico-sdk/src/common/pico_time/time.c.obj
                0x00000000100028f4                sleep_ms
 .text.best_effort_wfe_or_timeout
                0x0000000010002908       0x80 CMakeFiles/main.dir/__/lib/pico-sdk/src/common/pico_time/time.c.obj
                0x0000000010002908                best_effort_wfe_or_timeout
 .text.hardware_alarm_irq_handler
                0x0000000010002988       0x8c CMakeFiles/main.dir/__/lib/pico-sdk/src/rp2_common/hardware_timer/timer.c.obj
 .text.hardware_alarm_claim
                0x0000000010002a14       0x18 CMakeFiles/main.dir/__/lib/pico-sdk/src/rp2_common/hardware_timer/timer.c.obj
                0x0000000010002a14                hardware_alarm_claim
 .text.time_us_64
                0x0000000010002a2c       0x18 CMakeFiles/main.dir/__/lib/pico-sdk/src/rp2_common/hardware_timer/timer.c.obj
                0x0000000010002a2c                time_us_64
 .text.busy_wait_until
                0x0000000010002a44       0x28 CMakeFiles/main.dir/__/lib/pico-sdk/src/rp2_common/hardware_timer/timer.c.obj
                0x0000000010002a44                busy_wait_until
 .text.busy_wait_us
                0x0000000010002a6c       0x48 CMakeFiles/main.dir/__/lib/pico-sdk/src/rp2_common/hardware_timer/timer.c.obj
                0x0000000010002a6c                busy_wait_us
 .text.hardware_alarm_set_callback
                0x0000000010002ab4       0x90 CMakeFiles/main.dir/__/lib/pico-sdk/src/rp2_common/hardware_timer/timer.c.obj
                0x0000000010002ab4                hardware_alarm_set_callback
 .text.hardware_alarm_set_target
                0x0000000010002b44       0xe8 CMakeFiles/main.dir/__/lib/pico-sdk/src/rp2_common/hardware_timer/timer.c.obj
                0x0000000010002b44                hardware_alarm_set_target
 .text.hardware_alarm_cancel
                0x0000000010002c2c       0x40 CMakeFiles/main.dir/__/lib/pico-sdk/src/rp2_common/hardware_timer/timer.c.obj
                0x0000000010002c2c                hardware_alarm_cancel
 .text.ph_add_child_node
                0x0000000010002c6c       0xa4 CMakeFiles/main.dir/__/lib/pico-sdk/src/common/pico_util/pheap.c.obj
 .text.ph_merge_nodes
                0x0000000010002d10       0x3e CMakeFiles/main.dir/__/lib/pico-sdk/src/common/pico_util/pheap.c.obj
 *fill*         0x0000000010002d4e        0x2 
 .text.ph_clear
                0x0000000010002d50       0x70 CMakeFiles/main.dir/__/lib/pico-sdk/src/common/pico_util/pheap.c.obj
                0x0000000010002d50                ph_clear
 .text.ph_post_alloc_init
                0x0000000010002dc0        0xe CMakeFiles/main.dir/__/lib/pico-sdk/src/common/pico_util/pheap.c.obj
                0x0000000010002dc0                ph_post_alloc_init
 *fill*         0x0000000010002dce        0x2 
 .text.ph_merge_two_pass
                0x0000000010002dd0       0xa8 CMakeFiles/main.dir/__/lib/pico-sdk/src/common/pico_util/pheap.c.obj
                0x0000000010002dd0                ph_merge_two_pass
 .text.ph_remove_any_head
                0x0000000010002e78      0x108 CMakeFiles/main.dir/__/lib/pico-sdk/src/common/pico_util/pheap.c.obj
 .text.ph_remove_head
                0x0000000010002f80       0x14 CMakeFiles/main.dir/__/lib/pico-sdk/src/common/pico_util/pheap.c.obj
                0x0000000010002f80                ph_remove_head
 .text.ph_remove_and_free_node
                0x0000000010002f94       0xf8 CMakeFiles/main.dir/__/lib/pico-sdk/src/common/pico_util/pheap.c.obj
                0x0000000010002f94                ph_remove_and_free_node
 .text.mutex_init
                0x000000001000308c       0x1a CMakeFiles/main.dir/__/lib/pico-sdk/src/common/pico_sync/mutex.c.obj
                0x000000001000308c                mutex_init
 .text.recursive_mutex_init
                0x00000000100030a6       0x1e CMakeFiles/main.dir/__/lib/pico-sdk/src/common/pico_sync/mutex.c.obj
                0x00000000100030a6                recursive_mutex_init
 .text.critical_section_init_with_lock_num
                0x00000000100030c4       0x14 CMakeFiles/main.dir/__/lib/pico-sdk/src/common/pico_sync/critical_section.c.obj
                0x00000000100030c4                critical_section_init_with_lock_num
 .text.critical_section_init
                0x00000000100030d8       0x14 CMakeFiles/main.dir/__/lib/pico-sdk/src/common/pico_sync/critical_section.c.obj
                0x00000000100030d8                critical_section_init
 .text._exit    0x00000000100030ec        0x4 CMakeFiles/main.dir/__/lib/pico-sdk/src/rp2_common/pico_runtime/runtime.c.obj
                0x00000000100030ec                _exit
 .text._sbrk    0x00000000100030f0       0x38 CMakeFiles/main.dir/__/lib/pico-sdk/src/rp2_common/pico_runtime/runtime.c.obj
                0x00000000100030f0                _sbrk
 .text.exit     0x0000000010003128        0x6 CMakeFiles/main.dir/__/lib/pico-sdk/src/rp2_common/pico_runtime/runtime.c.obj
                0x0000000010003128                exit
 *fill*         0x000000001000312e        0x2 
 .text.__assert_func
                0x0000000010003130       0x3c CMakeFiles/main.dir/__/lib/pico-sdk/src/rp2_common/pico_runtime/runtime.c.obj
                0x0000000010003130                __assert_func
 .text.runtime_init
                0x000000001000316c       0xf8 CMakeFiles/main.dir/__/lib/pico-sdk/src/rp2_common/pico_runtime/runtime.c.obj
                0x000000001000316c                runtime_init
 .text.panic    0x0000000010003264       0x30 CMakeFiles/main.dir/__/lib/pico-sdk/src/rp2_common/pico_runtime/runtime.c.obj
                0x0000000010003264                panic
 .text.clock_configure
                0x0000000010003294      0x104 CMakeFiles/main.dir/__/lib/pico-sdk/src/rp2_common/hardware_clocks/clocks.c.obj
                0x0000000010003294                clock_configure
 .text.clocks_init
                0x0000000010003398      0x100 CMakeFiles/main.dir/__/lib/pico-sdk/src/rp2_common/hardware_clocks/clocks.c.obj
                0x0000000010003398                clocks_init
 .text.clock_get_hz
                0x0000000010003498        0xc CMakeFiles/main.dir/__/lib/pico-sdk/src/rp2_common/hardware_clocks/clocks.c.obj
                0x0000000010003498                clock_get_hz
 .text.pll_init
                0x00000000100034a4      0x140 CMakeFiles/main.dir/__/lib/pico-sdk/src/rp2_common/hardware_pll/pll.c.obj
                0x00000000100034a4                pll_init
 .text.watchdog_start_tick
                0x00000000100035e4       0x10 CMakeFiles/main.dir/__/lib/pico-sdk/src/rp2_common/hardware_watchdog/watchdog.c.obj
                0x00000000100035e4                watchdog_start_tick
 .text.watchdog_update
                0x00000000100035f4       0x14 CMakeFiles/main.dir/__/lib/pico-sdk/src/rp2_common/hardware_watchdog/watchdog.c.obj
                0x00000000100035f4                watchdog_update
 .text._watchdog_enable
                0x0000000010003608       0x78 CMakeFiles/main.dir/__/lib/pico-sdk/src/rp2_common/hardware_watchdog/watchdog.c.obj
                0x0000000010003608                _watchdog_enable
 .text.watchdog_reboot
                0x0000000010003680       0x48 CMakeFiles/main.dir/__/lib/pico-sdk/src/rp2_common/hardware_watchdog/watchdog.c.obj
                0x0000000010003680                watchdog_reboot
 .text.xosc_init
                0x00000000100036c8       0x28 CMakeFiles/main.dir/__/lib/pico-sdk/src/rp2_common/hardware_xosc/xosc.c.obj
                0x00000000100036c8                xosc_init
 .text._out_null
                0x00000000100036f0        0x2 CMakeFiles/main.dir/__/lib/pico-sdk/src/rp2_common/pico_printf/printf.c.obj
 .text._out_fct
                0x00000000100036f2        0xe CMakeFiles/main.dir/__/lib/pico-sdk/src/rp2_common/pico_printf/printf.c.obj
 .text._atoi    0x0000000010003700       0x24 CMakeFiles/main.dir/__/lib/pico-sdk/src/rp2_common/pico_printf/printf.c.obj
 .text._out_rev
                0x0000000010003724       0xae CMakeFiles/main.dir/__/lib/pico-sdk/src/rp2_common/pico_printf/printf.c.obj
 .text._ntoa_format
                0x00000000100037d2      0x112 CMakeFiles/main.dir/__/lib/pico-sdk/src/rp2_common/pico_printf/printf.c.obj
 .text._ntoa_long
                0x00000000100038e4       0xbc CMakeFiles/main.dir/__/lib/pico-sdk/src/rp2_common/pico_printf/printf.c.obj
 .text._ntoa_long_long
                0x00000000100039a0       0xe2 CMakeFiles/main.dir/__/lib/pico-sdk/src/rp2_common/pico_printf/printf.c.obj
 *fill*         0x0000000010003a82        0x2 
 .text._etoa    0x0000000010003a84      0x414 CMakeFiles/main.dir/__/lib/pico-sdk/src/rp2_common/pico_printf/printf.c.obj
 .text._ftoa    0x0000000010003e98      0x354 CMakeFiles/main.dir/__/lib/pico-sdk/src/rp2_common/pico_printf/printf.c.obj
 .text._vsnprintf
                0x00000000100041ec      0x624 CMakeFiles/main.dir/__/lib/pico-sdk/src/rp2_common/pico_printf/printf.c.obj
 .text.vfctprintf
                0x0000000010004810       0x20 CMakeFiles/main.dir/__/lib/pico-sdk/src/rp2_common/pico_printf/printf.c.obj
                0x0000000010004810                vfctprintf
 .text          0x0000000010004830       0x10 CMakeFiles/main.dir/__/lib/pico-sdk/src/rp2_common/pico_bit_ops/bit_ops_aeabi.S.obj
 .text.rom_func_lookup
                0x0000000010004840       0x10 CMakeFiles/main.dir/__/lib/pico-sdk/src/rp2_common/pico_bootrom/bootrom.c.obj
                0x0000000010004840                rom_func_lookup
 .text.rom_data_lookup
                0x0000000010004850       0x10 CMakeFiles/main.dir/__/lib/pico-sdk/src/rp2_common/pico_bootrom/bootrom.c.obj
                0x0000000010004850                rom_data_lookup
 .text.rom_funcs_lookup
                0x0000000010004860       0x36 CMakeFiles/main.dir/__/lib/pico-sdk/src/rp2_common/pico_bootrom/bootrom.c.obj
                0x0000000010004860                rom_funcs_lookup
 *fill*         0x0000000010004896        0x2 
 .text.__wrap___aeabi_idiv
                0x0000000010004898       0x50 CMakeFiles/main.dir/__/lib/pico-sdk/src/rp2_common/pico_divider/divider.S.obj
                0x0000000010004898                __wrap___aeabi_idivmod
                0x0000000010004898                divmod_s32s32
                0x0000000010004898                div_s32s32
                0x0000000010004898                __wrap___aeabi_idiv
                0x00000000100048a0                divmod_s32s32_unsafe
                0x00000000100048cc                divmod_s32s32_savestate
 .text.__wrap___aeabi_uidiv
                0x00000000100048e8       0x4c CMakeFiles/main.dir/__/lib/pico-sdk/src/rp2_common/pico_divider/divider.S.obj
                0x00000000100048e8                __wrap___aeabi_uidiv
                0x00000000100048e8                __wrap___aeabi_uidivmod
                0x00000000100048e8                div_u32u32
                0x00000000100048e8                divmod_u32u32
                0x00000000100048f0                divmod_u32u32_unsafe
                0x0000000010004918                divmod_u32u32_savestate
 .text.__wrap___aeabi_ldiv
                0x0000000010004934      0x434 CMakeFiles/main.dir/__/lib/pico-sdk/src/rp2_common/pico_divider/divider.S.obj
                0x0000000010004934                div_s64s64
                0x0000000010004934                divmod_s64s64
                0x0000000010004934                __wrap___aeabi_ldivmod
                0x000000001000496c                div_u64u64
                0x000000001000496c                divmod_u64u64
                0x000000001000496c                __wrap___aeabi_uldivmod
                0x000000001000497c                divmod_u64u64_savestate
                0x00000000100049a4                divmod_s64s64_unsafe
                0x0000000010004a2c                divmod_u64u64_unsafe
 .text.__wrap___aeabi_darithmetic
                0x0000000010004d68       0x60 CMakeFiles/main.dir/__/lib/pico-sdk/src/rp2_common/pico_double/double_aeabi.S.obj
                0x0000000010004d68                __wrap___aeabi_drsub
                0x0000000010004d6e                __wrap___aeabi_dsub
                0x0000000010004d78                __wrap___aeabi_dadd
                0x0000000010004d82                __wrap___aeabi_ddiv
                0x0000000010004db6                __wrap___aeabi_dmul
 .text.__wrap___aeabi_cdcmple
                0x0000000010004dc8       0x6c CMakeFiles/main.dir/__/lib/pico-sdk/src/rp2_common/pico_double/double_aeabi.S.obj
                0x0000000010004dc8                __wrap___aeabi_cdrcmple
                0x0000000010004dd8                __wrap___aeabi_cdcmple
                0x0000000010004dd8                __wrap___aeabi_cdcmpeq
 .text.__wrap___aeabi_dcmplt
                0x0000000010004e34        0xc CMakeFiles/main.dir/__/lib/pico-sdk/src/rp2_common/pico_double/double_aeabi.S.obj
                0x0000000010004e34                __wrap___aeabi_dcmplt
 .text.__wrap___aeabi_dcmple
                0x0000000010004e40       0x10 CMakeFiles/main.dir/__/lib/pico-sdk/src/rp2_common/pico_double/double_aeabi.S.obj
                0x0000000010004e40                __wrap___aeabi_dcmple
 .text.__wrap___aeabi_dcmpge
                0x0000000010004e50       0x10 CMakeFiles/main.dir/__/lib/pico-sdk/src/rp2_common/pico_double/double_aeabi.S.obj
                0x0000000010004e50                __wrap___aeabi_dcmpge
 .text.__wrap___aeabi_dcmpgt
                0x0000000010004e60        0xa CMakeFiles/main.dir/__/lib/pico-sdk/src/rp2_common/pico_double/double_aeabi.S.obj
                0x0000000010004e60                __wrap___aeabi_dcmpgt
 .text.__wrap___aeabi_dcmpun
                0x0000000010004e6a       0x1c CMakeFiles/main.dir/__/lib/pico-sdk/src/rp2_common/pico_double/double_aeabi.S.obj
                0x0000000010004e6a                __wrap___aeabi_dcmpun
 *fill*         0x0000000010004e86        0x2 
 .text.__wrap___aeabi_i2d
                0x0000000010004e88       0x38 CMakeFiles/main.dir/__/lib/pico-sdk/src/rp2_common/pico_double/double_aeabi.S.obj
                0x0000000010004e88                __wrap___aeabi_ui2d
                0x0000000010004e90                __wrap___aeabi_i2d
 .text.__wrap___aeabi_d2iz
                0x0000000010004ec0       0x48 CMakeFiles/main.dir/__/lib/pico-sdk/src/rp2_common/pico_double/double_aeabi.S.obj
                0x0000000010004ec0                __wrap___aeabi_d2iz
                0x0000000010004ec0                double2int_z
 .text.__wrap___aeabi_d2uiz
                0x0000000010004f08       0x10 CMakeFiles/main.dir/__/lib/pico-sdk/src/rp2_common/pico_double/double_aeabi.S.obj
                0x0000000010004f08                double2uint
                0x0000000010004f08                __wrap___aeabi_d2uiz
 .text.__wrap___aeabi_d2f
                0x0000000010004f18       0x10 CMakeFiles/main.dir/__/lib/pico-sdk/src/rp2_common/pico_double/double_aeabi.S.obj
                0x0000000010004f18                __wrap___aeabi_d2f
 .text.missing_double_func_shim
                0x0000000010004f28        0xc CMakeFiles/main.dir/__/lib/pico-sdk/src/rp2_common/pico_double/double_init_rom.c.obj
 .text.__aeabi_double_init
                0x0000000010004f34       0xcc CMakeFiles/main.dir/__/lib/pico-sdk/src/rp2_common/pico_double/double_init_rom.c.obj
                0x0000000010004f34                __aeabi_double_init
 .text.double_table_shim_on_use_helper
                0x0000000010005000       0x34 CMakeFiles/main.dir/__/lib/pico-sdk/src/rp2_common/pico_double/double_v1_rom_shim.S.obj
                0x0000000010005000                double_table_shim_on_use_helper
 .text.__aeabi_lmul
                0x0000000010005034       0x32 CMakeFiles/main.dir/__/lib/pico-sdk/src/rp2_common/pico_int64_ops/pico_int64_ops_aeabi.S.obj
                0x0000000010005034                __wrap___aeabi_lmul
 *fill*         0x0000000010005066        0x2 
 .text.__wrap___aeabi_f2d
                0x0000000010005068        0xc CMakeFiles/main.dir/__/lib/pico-sdk/src/rp2_common/pico_float/float_aeabi.S.obj
                0x0000000010005068                __wrap___aeabi_f2d
 .text.missing_float_func_shim
                0x0000000010005074        0xc CMakeFiles/main.dir/__/lib/pico-sdk/src/rp2_common/pico_float/float_init_rom.c.obj
 .text.__aeabi_float_init
                0x0000000010005080       0x88 CMakeFiles/main.dir/__/lib/pico-sdk/src/rp2_common/pico_float/float_init_rom.c.obj
                0x0000000010005080                __aeabi_float_init
 .text.__wrap_malloc
                0x0000000010005108       0x24 CMakeFiles/main.dir/__/lib/pico-sdk/src/rp2_common/pico_malloc/pico_malloc.c.obj
                0x0000000010005108                __wrap_malloc
 .text.__wrap_free
                0x000000001000512c        0x8 CMakeFiles/main.dir/__/lib/pico-sdk/src/rp2_common/pico_malloc/pico_malloc.c.obj
                0x000000001000512c                __wrap_free
 .text          0x0000000010005134       0x10 CMakeFiles/main.dir/__/lib/pico-sdk/src/rp2_common/pico_mem_ops/mem_ops_aeabi.S.obj
                0x0000000010005134                __aeabi_mem_init
 .text.memset   0x0000000010005144        0xc CMakeFiles/main.dir/__/lib/pico-sdk/src/rp2_common/pico_mem_ops/mem_ops_aeabi.S.obj
                0x0000000010005144                __wrap_memset
 .text.memcpy   0x0000000010005150        0xc CMakeFiles/main.dir/__/lib/pico-sdk/src/rp2_common/pico_mem_ops/mem_ops_aeabi.S.obj
                0x0000000010005150                __wrap___aeabi_memcpy
                0x0000000010005150                __wrap_memcpy
 .text._Znaj    0x000000001000515c        0x8 CMakeFiles/main.dir/__/lib/pico-sdk/src/rp2_common/pico_standard_link/new_delete.cpp.obj
                0x000000001000515c                operator new[](unsigned int)
 .text._ZdaPv   0x0000000010005164        0x8 CMakeFiles/main.dir/__/lib/pico-sdk/src/rp2_common/pico_standard_link/new_delete.cpp.obj
                0x0000000010005164                operator delete[](void*)
 .text._ZdlPvj  0x000000001000516c        0x8 CMakeFiles/main.dir/__/lib/pico-sdk/src/rp2_common/pico_standard_link/new_delete.cpp.obj
                0x000000001000516c                operator delete(void*, unsigned int)
 .text.stdio_out_chars_no_crlf
                0x0000000010005174        0xe CMakeFiles/main.dir/__/lib/pico-sdk/src/rp2_common/pico_stdio/stdio.c.obj
 *fill*         0x0000000010005182        0x2 
 .text.stdio_out_chars_crlf
                0x0000000010005184       0x80 CMakeFiles/main.dir/__/lib/pico-sdk/src/rp2_common/pico_stdio/stdio.c.obj
 .text.stdio_stack_buffer_flush
                0x0000000010005204       0x44 CMakeFiles/main.dir/__/lib/pico-sdk/src/rp2_common/pico_stdio/stdio.c.obj
 .text.stdio_buffered_printer
                0x0000000010005248       0x20 CMakeFiles/main.dir/__/lib/pico-sdk/src/rp2_common/pico_stdio/stdio.c.obj
 .text.stdio_get_until
                0x0000000010005268       0x80 CMakeFiles/main.dir/__/lib/pico-sdk/src/rp2_common/pico_stdio/stdio.c.obj
 .text.stdout_serialize_begin
                0x00000000100052e8       0x30 CMakeFiles/main.dir/__/lib/pico-sdk/src/rp2_common/pico_stdio/stdio.c.obj
                0x00000000100052e8                stdout_serialize_begin
 .text.stdout_serialize_end
                0x0000000010005318       0x10 CMakeFiles/main.dir/__/lib/pico-sdk/src/rp2_common/pico_stdio/stdio.c.obj
                0x0000000010005318                stdout_serialize_end
 .text.stdio_put_string
                0x0000000010005328       0x98 CMakeFiles/main.dir/__/lib/pico-sdk/src/rp2_common/pico_stdio/stdio.c.obj
 .text.stdio_set_driver_enabled
                0x00000000100053c0       0x2c CMakeFiles/main.dir/__/lib/pico-sdk/src/rp2_common/pico_stdio/stdio.c.obj
                0x00000000100053c0                stdio_set_driver_enabled
 .text.stdio_flush
                0x00000000100053ec       0x20 CMakeFiles/main.dir/__/lib/pico-sdk/src/rp2_common/pico_stdio/stdio.c.obj
                0x00000000100053ec                stdio_flush
 .text.__wrap_puts
                0x000000001000540c       0x1e CMakeFiles/main.dir/__/lib/pico-sdk/src/rp2_common/pico_stdio/stdio.c.obj
                0x000000001000540c                __wrap_puts
 *fill*         0x000000001000542a        0x2 
 .text.__wrap_vprintf
                0x000000001000542c       0x44 CMakeFiles/main.dir/__/lib/pico-sdk/src/rp2_common/pico_stdio/stdio.c.obj
                0x000000001000542c                __wrap_vprintf
 .text.__wrap_printf
                0x0000000010005470       0x18 CMakeFiles/main.dir/__/lib/pico-sdk/src/rp2_common/pico_stdio/stdio.c.obj
                0x0000000010005470                __wrap_printf
 .text.stdio_init_all
                0x0000000010005488        0x8 CMakeFiles/main.dir/__/lib/pico-sdk/src/rp2_common/pico_stdio/stdio.c.obj
                0x0000000010005488                stdio_init_all
 .text.__wrap_getchar
                0x0000000010005490       0x40 CMakeFiles/main.dir/__/lib/pico-sdk/src/rp2_common/pico_stdio/stdio.c.obj
                0x0000000010005490                __wrap_getchar
 .text.getchar_timeout_us
                0x00000000100054d0       0x80 CMakeFiles/main.dir/__/lib/pico-sdk/src/rp2_common/pico_stdio/stdio.c.obj
                0x00000000100054d0                getchar_timeout_us
 .text.resetd_init
                0x0000000010005550        0x2 CMakeFiles/main.dir/__/lib/pico-sdk/src/rp2_common/pico_stdio_usb/reset_interface.c.obj
 *fill*         0x0000000010005552        0x2 
 .text.resetd_reset
                0x0000000010005554        0xc CMakeFiles/main.dir/__/lib/pico-sdk/src/rp2_common/pico_stdio_usb/reset_interface.c.obj
 .text.resetd_open
                0x0000000010005560       0x34 CMakeFiles/main.dir/__/lib/pico-sdk/src/rp2_common/pico_stdio_usb/reset_interface.c.obj
 .text.resetd_xfer_cb
                0x0000000010005594        0x4 CMakeFiles/main.dir/__/lib/pico-sdk/src/rp2_common/pico_stdio_usb/reset_interface.c.obj
 .text.reset_usb_boot
                0x0000000010005598       0x18 CMakeFiles/main.dir/__/lib/pico-sdk/src/rp2_common/pico_stdio_usb/reset_interface.c.obj
 .text.resetd_control_xfer_cb
                0x00000000100055b0       0x5c CMakeFiles/main.dir/__/lib/pico-sdk/src/rp2_common/pico_stdio_usb/reset_interface.c.obj
 .text.usbd_app_driver_get_cb
                0x000000001000560c        0xc CMakeFiles/main.dir/__/lib/pico-sdk/src/rp2_common/pico_stdio_usb/reset_interface.c.obj
                0x000000001000560c                usbd_app_driver_get_cb
 .text.tud_cdc_line_coding_cb
                0x0000000010005618       0x28 CMakeFiles/main.dir/__/lib/pico-sdk/src/rp2_common/pico_stdio_usb/reset_interface.c.obj
                0x0000000010005618                tud_cdc_line_coding_cb
 .text.stdio_usb_in_chars
                0x0000000010005640       0x70 CMakeFiles/main.dir/__/lib/pico-sdk/src/rp2_common/pico_stdio_usb/stdio_usb.c.obj
                0x0000000010005640                stdio_usb_in_chars
 .text.low_priority_worker_irq
                0x00000000100056b0       0x20 CMakeFiles/main.dir/__/lib/pico-sdk/src/rp2_common/pico_stdio_usb/stdio_usb.c.obj
 .text.stdio_usb_out_chars
                0x00000000100056d0       0xd4 CMakeFiles/main.dir/__/lib/pico-sdk/src/rp2_common/pico_stdio_usb/stdio_usb.c.obj
 .text.timer_task
                0x00000000100057a4       0x40 CMakeFiles/main.dir/__/lib/pico-sdk/src/rp2_common/pico_stdio_usb/stdio_usb.c.obj
 .text.usb_irq  0x00000000100057e4       0x10 CMakeFiles/main.dir/__/lib/pico-sdk/src/rp2_common/pico_stdio_usb/stdio_usb.c.obj
 .text.stdio_usb_init
                0x00000000100057f4       0xec CMakeFiles/main.dir/__/lib/pico-sdk/src/rp2_common/pico_stdio_usb/stdio_usb.c.obj
                0x00000000100057f4                stdio_usb_init
 .text.tud_descriptor_device_cb
                0x00000000100058e0        0x8 CMakeFiles/main.dir/__/lib/pico-sdk/src/rp2_common/pico_stdio_usb/stdio_usb_descriptors.c.obj
                0x00000000100058e0                tud_descriptor_device_cb
 .text.tud_descriptor_configuration_cb
                0x00000000100058e8        0x8 CMakeFiles/main.dir/__/lib/pico-sdk/src/rp2_common/pico_stdio_usb/stdio_usb_descriptors.c.obj
                0x00000000100058e8                tud_descriptor_configuration_cb
 .text.tud_descriptor_string_cb
                0x00000000100058f0       0x6c CMakeFiles/main.dir/__/lib/pico-sdk/src/rp2_common/pico_stdio_usb/stdio_usb_descriptors.c.obj
                0x00000000100058f0                tud_descriptor_string_cb
 .text.hw_endpoint_get_by_addr
                0x000000001000595c       0x18 CMakeFiles/main.dir/__/lib/pico-sdk/lib/tinyusb/src/portable/raspberrypi/rp2040/dcd_rp2040.c.obj
 .text.reset_ep0_pid
                0x0000000010005974       0x28 CMakeFiles/main.dir/__/lib/pico-sdk/lib/tinyusb/src/portable/raspberrypi/rp2040/dcd_rp2040.c.obj
 .text._hw_endpoint_alloc
                0x000000001000599c       0x70 CMakeFiles/main.dir/__/lib/pico-sdk/lib/tinyusb/src/portable/raspberrypi/rp2040/dcd_rp2040.c.obj
 .text.hw_endpoint_init
                0x0000000010005a0c       0x88 CMakeFiles/main.dir/__/lib/pico-sdk/lib/tinyusb/src/portable/raspberrypi/rp2040/dcd_rp2040.c.obj
 .text.reset_non_control_endpoints
                0x0000000010005a94       0x40 CMakeFiles/main.dir/__/lib/pico-sdk/lib/tinyusb/src/portable/raspberrypi/rp2040/dcd_rp2040.c.obj
 .text.hw_handle_buff_status
                0x0000000010005ad4       0x8c CMakeFiles/main.dir/__/lib/pico-sdk/lib/tinyusb/src/portable/raspberrypi/rp2040/dcd_rp2040.c.obj
 .text.dcd_rp2040_irq
                0x0000000010005b60       0xc0 CMakeFiles/main.dir/__/lib/pico-sdk/lib/tinyusb/src/portable/raspberrypi/rp2040/dcd_rp2040.c.obj
 .text.hw_endpoint_xfer
                0x0000000010005c20       0x14 CMakeFiles/main.dir/__/lib/pico-sdk/lib/tinyusb/src/portable/raspberrypi/rp2040/dcd_rp2040.c.obj
 .text.dcd_int_enable
                0x0000000010005c34       0x2c CMakeFiles/main.dir/__/lib/pico-sdk/lib/tinyusb/src/portable/raspberrypi/rp2040/dcd_rp2040.c.obj
                0x0000000010005c34                dcd_int_enable
 .text.dcd_set_address
                0x0000000010005c60       0x2c CMakeFiles/main.dir/__/lib/pico-sdk/lib/tinyusb/src/portable/raspberrypi/rp2040/dcd_rp2040.c.obj
                0x0000000010005c60                dcd_set_address
 .text.dcd_connect
                0x0000000010005c8c       0x10 CMakeFiles/main.dir/__/lib/pico-sdk/lib/tinyusb/src/portable/raspberrypi/rp2040/dcd_rp2040.c.obj
                0x0000000010005c8c                dcd_connect
 .text.dcd_init
                0x0000000010005c9c       0x7c CMakeFiles/main.dir/__/lib/pico-sdk/lib/tinyusb/src/portable/raspberrypi/rp2040/dcd_rp2040.c.obj
                0x0000000010005c9c                dcd_init
 .text.dcd_edpt0_status_complete
                0x0000000010005d18       0x1c CMakeFiles/main.dir/__/lib/pico-sdk/lib/tinyusb/src/portable/raspberrypi/rp2040/dcd_rp2040.c.obj
                0x0000000010005d18                dcd_edpt0_status_complete
 .text.dcd_edpt_open
                0x0000000010005d34       0x40 CMakeFiles/main.dir/__/lib/pico-sdk/lib/tinyusb/src/portable/raspberrypi/rp2040/dcd_rp2040.c.obj
                0x0000000010005d34                dcd_edpt_open
 .text.dcd_edpt_close_all
                0x0000000010005d74        0x8 CMakeFiles/main.dir/__/lib/pico-sdk/lib/tinyusb/src/portable/raspberrypi/rp2040/dcd_rp2040.c.obj
                0x0000000010005d74                dcd_edpt_close_all
 .text.dcd_edpt_xfer
                0x0000000010005d7c       0x30 CMakeFiles/main.dir/__/lib/pico-sdk/lib/tinyusb/src/portable/raspberrypi/rp2040/dcd_rp2040.c.obj
                0x0000000010005d7c                dcd_edpt_xfer
 .text.dcd_edpt_stall
                0x0000000010005dac       0x2c CMakeFiles/main.dir/__/lib/pico-sdk/lib/tinyusb/src/portable/raspberrypi/rp2040/dcd_rp2040.c.obj
                0x0000000010005dac                dcd_edpt_stall
 .text.dcd_edpt_clear_stall
                0x0000000010005dd8       0x20 CMakeFiles/main.dir/__/lib/pico-sdk/lib/tinyusb/src/portable/raspberrypi/rp2040/dcd_rp2040.c.obj
                0x0000000010005dd8                dcd_edpt_clear_stall
 .text.prepare_ep_buffer
                0x0000000010005df8       0x70 CMakeFiles/main.dir/__/lib/pico-sdk/lib/tinyusb/src/portable/raspberrypi/rp2040/rp2040_usb.c.obj
 .text.sync_ep_buffer
                0x0000000010005e68       0x7c CMakeFiles/main.dir/__/lib/pico-sdk/lib/tinyusb/src/portable/raspberrypi/rp2040/rp2040_usb.c.obj
 .text._hw_endpoint_xfer_sync
                0x0000000010005ee4       0x28 CMakeFiles/main.dir/__/lib/pico-sdk/lib/tinyusb/src/portable/raspberrypi/rp2040/rp2040_usb.c.obj
 .text.rp2040_usb_init
                0x0000000010005f0c       0x4c CMakeFiles/main.dir/__/lib/pico-sdk/lib/tinyusb/src/portable/raspberrypi/rp2040/rp2040_usb.c.obj
                0x0000000010005f0c                rp2040_usb_init
 .text.hw_endpoint_reset_transfer
                0x0000000010005f58        0xc CMakeFiles/main.dir/__/lib/pico-sdk/lib/tinyusb/src/portable/raspberrypi/rp2040/rp2040_usb.c.obj
                0x0000000010005f58                hw_endpoint_reset_transfer
 .text._hw_endpoint_buffer_control_update32
                0x0000000010005f64       0x58 CMakeFiles/main.dir/__/lib/pico-sdk/lib/tinyusb/src/portable/raspberrypi/rp2040/rp2040_usb.c.obj
                0x0000000010005f64                _hw_endpoint_buffer_control_update32
 .text._hw_endpoint_start_next_buffer
                0x0000000010005fbc       0x74 CMakeFiles/main.dir/__/lib/pico-sdk/lib/tinyusb/src/portable/raspberrypi/rp2040/rp2040_usb.c.obj
 .text.hw_endpoint_xfer_start
                0x0000000010006030       0x48 CMakeFiles/main.dir/__/lib/pico-sdk/lib/tinyusb/src/portable/raspberrypi/rp2040/rp2040_usb.c.obj
                0x0000000010006030                hw_endpoint_xfer_start
 .text.hw_endpoint_xfer_continue
                0x0000000010006078       0x38 CMakeFiles/main.dir/__/lib/pico-sdk/lib/tinyusb/src/portable/raspberrypi/rp2040/rp2040_usb.c.obj
                0x0000000010006078                hw_endpoint_xfer_continue
 .text.configuration_reset
                0x00000000100060b0       0x84 CMakeFiles/main.dir/__/lib/pico-sdk/lib/tinyusb/src/device/usbd.c.obj
 .text.usbd_reset
                0x0000000010006134        0xc CMakeFiles/main.dir/__/lib/pico-sdk/lib/tinyusb/src/device/usbd.c.obj
 .text.invoke_class_control
                0x0000000010006140       0x1a CMakeFiles/main.dir/__/lib/pico-sdk/lib/tinyusb/src/device/usbd.c.obj
 *fill*         0x000000001000615a        0x2 
 .text.process_set_config
                0x000000001000615c      0x1b0 CMakeFiles/main.dir/__/lib/pico-sdk/lib/tinyusb/src/device/usbd.c.obj
 .text.process_get_descriptor
                0x000000001000630c       0xec CMakeFiles/main.dir/__/lib/pico-sdk/lib/tinyusb/src/device/usbd.c.obj
 .text.tud_mounted
                0x00000000100063f8       0x10 CMakeFiles/main.dir/__/lib/pico-sdk/lib/tinyusb/src/device/usbd.c.obj
                0x00000000100063f8                tud_mounted
 .text.tud_suspended
                0x0000000010006408       0x10 CMakeFiles/main.dir/__/lib/pico-sdk/lib/tinyusb/src/device/usbd.c.obj
                0x0000000010006408                tud_suspended
 .text.tud_inited
                0x0000000010006418        0xc CMakeFiles/main.dir/__/lib/pico-sdk/lib/tinyusb/src/device/usbd.c.obj
                0x0000000010006418                tud_inited
 .text.tud_init
                0x0000000010006424       0xcc CMakeFiles/main.dir/__/lib/pico-sdk/lib/tinyusb/src/device/usbd.c.obj
                0x0000000010006424                tud_init
 .text.dcd_event_handler
                0x00000000100064f0      0x1e0 CMakeFiles/main.dir/__/lib/pico-sdk/lib/tinyusb/src/device/usbd.c.obj
                0x00000000100064f0                dcd_event_handler
 .text.dcd_event_bus_signal
                0x00000000100066d0       0x26 CMakeFiles/main.dir/__/lib/pico-sdk/lib/tinyusb/src/device/usbd.c.obj
                0x00000000100066d0                dcd_event_bus_signal
 .text.dcd_event_bus_reset
                0x00000000100066f6       0x2a CMakeFiles/main.dir/__/lib/pico-sdk/lib/tinyusb/src/device/usbd.c.obj
                0x00000000100066f6                dcd_event_bus_reset
 .text.dcd_event_setup_received
                0x0000000010006720       0x34 CMakeFiles/main.dir/__/lib/pico-sdk/lib/tinyusb/src/device/usbd.c.obj
                0x0000000010006720                dcd_event_setup_received
 .text.dcd_event_xfer_complete
                0x0000000010006754       0x44 CMakeFiles/main.dir/__/lib/pico-sdk/lib/tinyusb/src/device/usbd.c.obj
                0x0000000010006754                dcd_event_xfer_complete
 .text.usbd_edpt_open
                0x0000000010006798       0x58 CMakeFiles/main.dir/__/lib/pico-sdk/lib/tinyusb/src/device/usbd.c.obj
                0x0000000010006798                usbd_edpt_open
 .text.usbd_open_edpt_pair
                0x00000000100067f0       0x8c CMakeFiles/main.dir/__/lib/pico-sdk/lib/tinyusb/src/device/usbd.c.obj
                0x00000000100067f0                usbd_open_edpt_pair
 .text.usbd_edpt_claim
                0x000000001000687c       0x8c CMakeFiles/main.dir/__/lib/pico-sdk/lib/tinyusb/src/device/usbd.c.obj
                0x000000001000687c                usbd_edpt_claim
 .text.usbd_edpt_release
                0x0000000010006908       0x68 CMakeFiles/main.dir/__/lib/pico-sdk/lib/tinyusb/src/device/usbd.c.obj
                0x0000000010006908                usbd_edpt_release
 .text.usbd_edpt_xfer
                0x0000000010006970       0x80 CMakeFiles/main.dir/__/lib/pico-sdk/lib/tinyusb/src/device/usbd.c.obj
                0x0000000010006970                usbd_edpt_xfer
 .text.usbd_edpt_stall
                0x00000000100069f0       0x40 CMakeFiles/main.dir/__/lib/pico-sdk/lib/tinyusb/src/device/usbd.c.obj
                0x00000000100069f0                usbd_edpt_stall
 .text.usbd_edpt_clear_stall
                0x0000000010006a30       0x40 CMakeFiles/main.dir/__/lib/pico-sdk/lib/tinyusb/src/device/usbd.c.obj
                0x0000000010006a30                usbd_edpt_clear_stall
 .text.usbd_edpt_stalled
                0x0000000010006a70       0x1c CMakeFiles/main.dir/__/lib/pico-sdk/lib/tinyusb/src/device/usbd.c.obj
                0x0000000010006a70                usbd_edpt_stalled
 .text.process_control_request
                0x0000000010006a8c      0x3b8 CMakeFiles/main.dir/__/lib/pico-sdk/lib/tinyusb/src/device/usbd.c.obj
 .text.tud_task
                0x0000000010006e44      0x218 CMakeFiles/main.dir/__/lib/pico-sdk/lib/tinyusb/src/device/usbd.c.obj
                0x0000000010006e44                tud_task
 .text._data_stage_xact
                0x000000001000705c       0x58 CMakeFiles/main.dir/__/lib/pico-sdk/lib/tinyusb/src/device/usbd_control.c.obj
 .text.tud_control_status
                0x00000000100070b4       0x38 CMakeFiles/main.dir/__/lib/pico-sdk/lib/tinyusb/src/device/usbd_control.c.obj
                0x00000000100070b4                tud_control_status
 .text.tud_control_xfer
                0x00000000100070ec       0xa8 CMakeFiles/main.dir/__/lib/pico-sdk/lib/tinyusb/src/device/usbd_control.c.obj
                0x00000000100070ec                tud_control_xfer
 .text.usbd_control_reset
                0x0000000010007194       0x14 CMakeFiles/main.dir/__/lib/pico-sdk/lib/tinyusb/src/device/usbd_control.c.obj
                0x0000000010007194                usbd_control_reset
 .text.usbd_control_set_complete_callback
                0x00000000100071a8        0xc CMakeFiles/main.dir/__/lib/pico-sdk/lib/tinyusb/src/device/usbd_control.c.obj
                0x00000000100071a8                usbd_control_set_complete_callback
 .text.usbd_control_set_request
                0x00000000100071b4       0x1c CMakeFiles/main.dir/__/lib/pico-sdk/lib/tinyusb/src/device/usbd_control.c.obj
                0x00000000100071b4                usbd_control_set_request
 .text.usbd_control_xfer_cb
                0x00000000100071d0       0xfc CMakeFiles/main.dir/__/lib/pico-sdk/lib/tinyusb/src/device/usbd_control.c.obj
                0x00000000100071d0                usbd_control_xfer_cb
 .text._prep_out_transaction
                0x00000000100072cc       0x46 CMakeFiles/main.dir/__/lib/pico-sdk/lib/tinyusb/src/class/cdc/cdc_device.c.obj
 *fill*         0x0000000010007312        0x2 
 .text.tud_cdc_n_connected
                0x0000000010007314       0x44 CMakeFiles/main.dir/__/lib/pico-sdk/lib/tinyusb/src/class/cdc/cdc_device.c.obj
                0x0000000010007314                tud_cdc_n_connected
 .text.tud_cdc_n_available
                0x0000000010007358       0x18 CMakeFiles/main.dir/__/lib/pico-sdk/lib/tinyusb/src/class/cdc/cdc_device.c.obj
                0x0000000010007358                tud_cdc_n_available
 .text.tud_cdc_n_read
                0x0000000010007370       0x28 CMakeFiles/main.dir/__/lib/pico-sdk/lib/tinyusb/src/class/cdc/cdc_device.c.obj
                0x0000000010007370                tud_cdc_n_read
 .text.tud_cdc_n_write_flush
                0x0000000010007398       0xcc CMakeFiles/main.dir/__/lib/pico-sdk/lib/tinyusb/src/class/cdc/cdc_device.c.obj
                0x0000000010007398                tud_cdc_n_write_flush
 .text.tud_cdc_n_write
                0x0000000010007464       0x38 CMakeFiles/main.dir/__/lib/pico-sdk/lib/tinyusb/src/class/cdc/cdc_device.c.obj
                0x0000000010007464                tud_cdc_n_write
 .text.tud_cdc_n_write_available
                0x000000001000749c       0x1c CMakeFiles/main.dir/__/lib/pico-sdk/lib/tinyusb/src/class/cdc/cdc_device.c.obj
                0x000000001000749c                tud_cdc_n_write_available
 .text.cdcd_init
                0x00000000100074b8       0xbc CMakeFiles/main.dir/__/lib/pico-sdk/lib/tinyusb/src/class/cdc/cdc_device.c.obj
                0x00000000100074b8                cdcd_init
 .text.cdcd_reset
                0x0000000010007574       0x44 CMakeFiles/main.dir/__/lib/pico-sdk/lib/tinyusb/src/class/cdc/cdc_device.c.obj
                0x0000000010007574                cdcd_reset
 .text.cdcd_open
                0x00000000100075b8       0xf8 CMakeFiles/main.dir/__/lib/pico-sdk/lib/tinyusb/src/class/cdc/cdc_device.c.obj
                0x00000000100075b8                cdcd_open
 .text.cdcd_control_xfer_cb
                0x00000000100076b0      0x134 CMakeFiles/main.dir/__/lib/pico-sdk/lib/tinyusb/src/class/cdc/cdc_device.c.obj
                0x00000000100076b0                cdcd_control_xfer_cb
 .text.cdcd_xfer_cb
                0x00000000100077e4      0x144 CMakeFiles/main.dir/__/lib/pico-sdk/lib/tinyusb/src/class/cdc/cdc_device.c.obj
                0x00000000100077e4                cdcd_xfer_cb
 .text.tusb_init
                0x0000000010007928       0x24 CMakeFiles/main.dir/__/lib/pico-sdk/lib/tinyusb/src/tusb.c.obj
                0x0000000010007928                tusb_init
 .text.tusb_inited
                0x000000001000794c        0xe CMakeFiles/main.dir/__/lib/pico-sdk/lib/tinyusb/src/tusb.c.obj
                0x000000001000794c                tusb_inited
 *fill*         0x000000001000795a        0x2 
 .text.tu_edpt_validate
                0x000000001000795c       0xa8 CMakeFiles/main.dir/__/lib/pico-sdk/lib/tinyusb/src/tusb.c.obj
                0x000000001000795c                tu_edpt_validate
 .text.tu_edpt_bind_driver
                0x0000000010007a04       0x2a CMakeFiles/main.dir/__/lib/pico-sdk/lib/tinyusb/src/tusb.c.obj
                0x0000000010007a04                tu_edpt_bind_driver
 .text.advance_pointer
                0x0000000010007a2e       0x18 CMakeFiles/main.dir/__/lib/pico-sdk/lib/tinyusb/src/common/tusb_fifo.c.obj
 .text.backward_pointer
                0x0000000010007a46       0x1e CMakeFiles/main.dir/__/lib/pico-sdk/lib/tinyusb/src/common/tusb_fifo.c.obj
 .text.get_relative_pointer
                0x0000000010007a64       0x10 CMakeFiles/main.dir/__/lib/pico-sdk/lib/tinyusb/src/common/tusb_fifo.c.obj
 .text._tu_fifo_peek
                0x0000000010007a74       0x50 CMakeFiles/main.dir/__/lib/pico-sdk/lib/tinyusb/src/common/tusb_fifo.c.obj
 .text._ff_pull_const_addr
                0x0000000010007ac4       0x4c CMakeFiles/main.dir/__/lib/pico-sdk/lib/tinyusb/src/common/tusb_fifo.c.obj
 .text._ff_pull_n
                0x0000000010007b10      0x10c CMakeFiles/main.dir/__/lib/pico-sdk/lib/tinyusb/src/common/tusb_fifo.c.obj
 .text._tu_fifo_peek_n
                0x0000000010007c1c       0x5e CMakeFiles/main.dir/__/lib/pico-sdk/lib/tinyusb/src/common/tusb_fifo.c.obj
 .text._tu_fifo_read_n
                0x0000000010007c7a       0x4e CMakeFiles/main.dir/__/lib/pico-sdk/lib/tinyusb/src/common/tusb_fifo.c.obj
 .text._ff_push_const_addr
                0x0000000010007cc8       0x40 CMakeFiles/main.dir/__/lib/pico-sdk/lib/tinyusb/src/common/tusb_fifo.c.obj
 .text._ff_push_n
                0x0000000010007d08      0x108 CMakeFiles/main.dir/__/lib/pico-sdk/lib/tinyusb/src/common/tusb_fifo.c.obj
 .text._tu_fifo_write_n
                0x0000000010007e10       0x9e CMakeFiles/main.dir/__/lib/pico-sdk/lib/tinyusb/src/common/tusb_fifo.c.obj
 .text.tu_fifo_config
                0x0000000010007eae       0x72 CMakeFiles/main.dir/__/lib/pico-sdk/lib/tinyusb/src/common/tusb_fifo.c.obj
                0x0000000010007eae                tu_fifo_config
 .text.tu_fifo_count
                0x0000000010007f20       0x26 CMakeFiles/main.dir/__/lib/pico-sdk/lib/tinyusb/src/common/tusb_fifo.c.obj
                0x0000000010007f20                tu_fifo_count
 .text.tu_fifo_empty
                0x0000000010007f46       0x10 CMakeFiles/main.dir/__/lib/pico-sdk/lib/tinyusb/src/common/tusb_fifo.c.obj
                0x0000000010007f46                tu_fifo_empty
 .text.tu_fifo_remaining
                0x0000000010007f56       0x20 CMakeFiles/main.dir/__/lib/pico-sdk/lib/tinyusb/src/common/tusb_fifo.c.obj
                0x0000000010007f56                tu_fifo_remaining
 .text.tu_fifo_read
                0x0000000010007f76       0x42 CMakeFiles/main.dir/__/lib/pico-sdk/lib/tinyusb/src/common/tusb_fifo.c.obj
                0x0000000010007f76                tu_fifo_read
 .text.tu_fifo_read_n
                0x0000000010007fb8        0xa CMakeFiles/main.dir/__/lib/pico-sdk/lib/tinyusb/src/common/tusb_fifo.c.obj
                0x0000000010007fb8                tu_fifo_read_n
 .text.tu_fifo_write
                0x0000000010007fc2       0x6c CMakeFiles/main.dir/__/lib/pico-sdk/lib/tinyusb/src/common/tusb_fifo.c.obj
                0x0000000010007fc2                tu_fifo_write
 .text.tu_fifo_write_n
                0x000000001000802e        0xa CMakeFiles/main.dir/__/lib/pico-sdk/lib/tinyusb/src/common/tusb_fifo.c.obj
                0x000000001000802e                tu_fifo_write_n
 .text.tu_fifo_clear
                0x0000000010008038       0x4c CMakeFiles/main.dir/__/lib/pico-sdk/lib/tinyusb/src/common/tusb_fifo.c.obj
                0x0000000010008038                tu_fifo_clear
 .text.tu_fifo_set_overwritable
                0x0000000010008084       0x3c CMakeFiles/main.dir/__/lib/pico-sdk/lib/tinyusb/src/common/tusb_fifo.c.obj
                0x0000000010008084                tu_fifo_set_overwritable
 .text._retrieve_unique_id_on_boot
                0x00000000100080c0       0x10 CMakeFiles/main.dir/__/lib/pico-sdk/src/rp2_common/pico_unique_id/unique_id.c.obj
 .text.pico_get_unique_board_id_string
                0x00000000100080d0       0x60 CMakeFiles/main.dir/__/lib/pico-sdk/src/rp2_common/pico_unique_id/unique_id.c.obj
                0x00000000100080d0                pico_get_unique_board_id_string
 .text.flash_get_unique_id
                0x0000000010008130       0x46 CMakeFiles/main.dir/__/lib/pico-sdk/src/rp2_common/hardware_flash/flash.c.obj
                0x0000000010008130                flash_get_unique_id
 *fill*         0x0000000010008176        0x2 
 .text.spi_deinit
                0x0000000010008178       0x34 CMakeFiles/main.dir/__/lib/pico-sdk/src/rp2_common/hardware_spi/spi.c.obj
                0x0000000010008178                spi_deinit
 .text.spi_set_baudrate
                0x00000000100081ac       0x92 CMakeFiles/main.dir/__/lib/pico-sdk/src/rp2_common/hardware_spi/spi.c.obj
                0x00000000100081ac                spi_set_baudrate
 *fill*         0x000000001000823e        0x2 
 .text.spi_init
                0x0000000010008240       0x68 CMakeFiles/main.dir/__/lib/pico-sdk/src/rp2_common/hardware_spi/spi.c.obj
                0x0000000010008240                spi_init
 .text          0x00000000100082a8       0x28 /usr/lib/gcc/arm-none-eabi/10.3.1/../../../arm-none-eabi/lib/thumb/v6-m/nofp/libg.a(lib_a-malloc.o)
                0x00000000100082a8                malloc
                0x00000000100082bc                free
 .text          0x00000000100082d0      0x574 /usr/lib/gcc/arm-none-eabi/10.3.1/../../../arm-none-eabi/lib/thumb/v6-m/nofp/libg.a(lib_a-mallocr.o)
                0x00000000100082d0                _malloc_r
 .text          0x0000000010008844        0x8 /usr/lib/gcc/arm-none-eabi/10.3.1/../../../arm-none-eabi/lib/thumb/v6-m/nofp/libg.a(lib_a-mlock.o)
                0x0000000010008844                __malloc_lock
                0x0000000010008848                __malloc_unlock
 .text          0x000000001000884c       0x24 /usr/lib/gcc/arm-none-eabi/10.3.1/../../../arm-none-eabi/lib/thumb/v6-m/nofp/libg.a(lib_a-sbrkr.o)
                0x000000001000884c                _sbrk_r
 .text          0x0000000010008870       0x5c /usr/lib/gcc/arm-none-eabi/10.3.1/../../../arm-none-eabi/lib/thumb/v6-m/nofp/libg.a(lib_a-strlen-stub.o)
                0x0000000010008870                strlen
 .text          0x00000000100088cc      0x260 /usr/lib/gcc/arm-none-eabi/10.3.1/../../../arm-none-eabi/lib/thumb/v6-m/nofp/libg.a(lib_a-freer.o)
                0x00000000100088cc                _malloc_trim_r
                0x0000000010008968                _free_r
 *(.fini)
 .fini          0x0000000010008b2c        0x4 /usr/lib/gcc/arm-none-eabi/10.3.1/thumb/v6-m/nofp/crti.o
                0x0000000010008b2c                _fini
 .fini.__stub   0x0000000010008b30       0x80 linker stubs
 *crtbegin.o(.ctors)
 *crtbegin?.o(.ctors)
 *(EXCLUDE_FILE(*crtend.o *crtend?.o) .ctors)
 *(SORT_BY_NAME(.ctors.*))
 *(.ctors)
 *crtbegin.o(.dtors)
 *crtbegin?.o(.dtors)
 *(EXCLUDE_FILE(*crtend.o *crtend?.o) .dtors)
 *(SORT_BY_NAME(.dtors.*))
 *(.dtors)
 *(.eh_frame*)
 .eh_frame      0x0000000010008bb0        0x0 /usr/lib/gcc/arm-none-eabi/10.3.1/thumb/v6-m/nofp/crtbegin.o
                0x0000000010008bb0                . = ALIGN (0x4)

.glue_7         0x0000000010008bb0        0x0
 .glue_7        0x0000000010008bb0        0x0 linker stubs

.glue_7t        0x0000000010008bb0        0x0
 .glue_7t       0x0000000010008bb0        0x0 linker stubs

.vfp11_veneer   0x0000000010008bb0        0x0
 .vfp11_veneer  0x0000000010008bb0        0x0 linker stubs

.v4_bx          0x0000000010008bb0        0x0
 .v4_bx         0x0000000010008bb0        0x0 linker stubs

.iplt           0x0000000010008bb0        0x0
 .iplt          0x0000000010008bb0        0x0 /usr/lib/gcc/arm-none-eabi/10.3.1/thumb/v6-m/nofp/crtbegin.o

.rodata         0x0000000010008bb0     0x22c8
 *(EXCLUDE_FILE(*libm.a: *libc.a:*lib_a-mem*.o *libgcc.a:) .rodata*)
 .rodata._Z5setupv.str1.4
                0x0000000010008bb0       0xca CMakeFiles/main.dir/main.cpp.obj
 *fill*         0x0000000010008c7a        0x2 
 .rodata._Z4loopv.str1.4
                0x0000000010008c7c      0x1d5 CMakeFiles/main.dir/main.cpp.obj
 *fill*         0x0000000010008e51        0x3 
 .rodata        0x0000000010008e54        0xc CMakeFiles/main.dir/main.cpp.obj
 .rodata._ZN4RF2412print_statusEh.str1.4
                0x0000000010008e60       0x45 CMakeFiles/main.dir/__/lib/RF24/RF24.cpp.obj
 *fill*         0x0000000010008ea5        0x3 
 .rodata._ZN4RF2419print_byte_registerEPKchh.str1.4
                0x0000000010008ea8       0x12 CMakeFiles/main.dir/__/lib/RF24/RF24.cpp.obj
 *fill*         0x0000000010008eba        0x2 
 .rodata._ZN4RF2422print_address_registerEPKchh.str1.4
                0x0000000010008ebc        0x9 CMakeFiles/main.dir/__/lib/RF24/RF24.cpp.obj
 .rodata._ZN4RF245writeEPKvhb.str1.4
                0x0000000010008ec5       0xd7 CMakeFiles/main.dir/__/lib/RF24/RF24.cpp.obj
 *fill*         0x0000000010008ec5        0x3 
 .rodata._ZN4RF2412printDetailsEv.str1.4
                0x0000000010008ec8       0xdc CMakeFiles/main.dir/__/lib/RF24/RF24.cpp.obj
 .rodata._ZN4RF2418printPrettyDetailsEv.str1.4
                0x0000000010008fa4      0x253 CMakeFiles/main.dir/__/lib/RF24/RF24.cpp.obj
                                        0x255 (size before relaxing)
 *fill*         0x00000000100091f7        0x1 
 .rodata._ZL10child_pipe
                0x00000000100091f8        0x6 CMakeFiles/main.dir/__/lib/RF24/RF24.cpp.obj
 *fill*         0x00000000100091fe        0x2 
 .rodata._ZL17child_pipe_enable
                0x0000000010009200        0x6 CMakeFiles/main.dir/__/lib/RF24/RF24.cpp.obj
 *fill*         0x0000000010009206        0x2 
 .rodata._ZL18rf24_model_e_str_0
                0x0000000010009208        0x9 CMakeFiles/main.dir/__/lib/RF24/RF24.cpp.obj
 *fill*         0x0000000010009211        0x3 
 .rodata._ZL18rf24_model_e_str_1
                0x0000000010009214        0xa CMakeFiles/main.dir/__/lib/RF24/RF24.cpp.obj
 *fill*         0x000000001000921e        0x2 
 .rodata._ZL18rf24_model_e_str_P
                0x0000000010009220        0x8 CMakeFiles/main.dir/__/lib/RF24/RF24.cpp.obj
 .rodata._ZL19rf24_pa_dbm_e_str_0
                0x0000000010009228        0x9 CMakeFiles/main.dir/__/lib/RF24/RF24.cpp.obj
 *fill*         0x0000000010009231        0x3 
 .rodata._ZL19rf24_pa_dbm_e_str_1
                0x0000000010009234        0x9 CMakeFiles/main.dir/__/lib/RF24/RF24.cpp.obj
 *fill*         0x000000001000923d        0x3 
 .rodata._ZL19rf24_pa_dbm_e_str_2
                0x0000000010009240        0xa CMakeFiles/main.dir/__/lib/RF24/RF24.cpp.obj
 *fill*         0x000000001000924a        0x2 
 .rodata._ZL19rf24_pa_dbm_e_str_3
                0x000000001000924c        0x9 CMakeFiles/main.dir/__/lib/RF24/RF24.cpp.obj
 *fill*         0x0000000010009255        0x3 
 .rodata._ZL19rf24_pa_dbm_e_str_P
                0x0000000010009258       0x10 CMakeFiles/main.dir/__/lib/RF24/RF24.cpp.obj
 .rodata._ZL20rf24_feature_e_str_P
                0x0000000010009268       0x14 CMakeFiles/main.dir/__/lib/RF24/RF24.cpp.obj
 .rodata._ZL21rf24_datarate_e_str_0
                0x000000001000927c        0x9 CMakeFiles/main.dir/__/lib/RF24/RF24.cpp.obj
 *fill*         0x0000000010009285        0x3 
 .rodata._ZL21rf24_datarate_e_str_1
                0x0000000010009288        0x9 CMakeFiles/main.dir/__/lib/RF24/RF24.cpp.obj
 *fill*         0x0000000010009291        0x3 
 .rodata._ZL21rf24_datarate_e_str_2
                0x0000000010009294        0xb CMakeFiles/main.dir/__/lib/RF24/RF24.cpp.obj
 *fill*         0x000000001000929f        0x1 
 .rodata._ZL21rf24_datarate_e_str_P
                0x00000000100092a0        0xc CMakeFiles/main.dir/__/lib/RF24/RF24.cpp.obj
 .rodata._ZL21rf24_feature_e_str_on
                0x00000000100092ac        0xa CMakeFiles/main.dir/__/lib/RF24/RF24.cpp.obj
 *fill*         0x00000000100092b6        0x2 
 .rodata._ZL22rf24_crclength_e_str_0
                0x00000000100092b8        0xb CMakeFiles/main.dir/__/lib/RF24/RF24.cpp.obj
 *fill*         0x00000000100092c3        0x1 
 .rodata._ZL22rf24_crclength_e_str_1
                0x00000000100092c4        0x9 CMakeFiles/main.dir/__/lib/RF24/RF24.cpp.obj
 *fill*         0x00000000100092cd        0x3 
 .rodata._ZL22rf24_crclength_e_str_2
                0x00000000100092d0        0xa CMakeFiles/main.dir/__/lib/RF24/RF24.cpp.obj
 *fill*         0x00000000100092da        0x2 
 .rodata._ZL22rf24_crclength_e_str_P
                0x00000000100092dc        0xc CMakeFiles/main.dir/__/lib/RF24/RF24.cpp.obj
 .rodata._ZL23rf24_feature_e_str_open
                0x00000000100092e8        0x7 CMakeFiles/main.dir/__/lib/RF24/RF24.cpp.obj
 *fill*         0x00000000100092ef        0x1 
 .rodata._ZL25rf24_feature_e_str_closed
                0x00000000100092f0        0x7 CMakeFiles/main.dir/__/lib/RF24/RF24.cpp.obj
 *fill*         0x00000000100092f7        0x1 
 .rodata._ZL26rf24_feature_e_str_allowed
                0x00000000100092f8        0xa CMakeFiles/main.dir/__/lib/RF24/RF24.cpp.obj
 *fill*         0x0000000010009302        0x2 
 .rodata._ZTV3SPI
                0x0000000010009304       0x10 CMakeFiles/main.dir/__/lib/RF24/utility/rp2/spi.cpp.obj
                0x0000000010009304                vtable for SPI
 .rodata.spin_lock_claim_unused.str1.4
                0x0000000010009314       0x1b CMakeFiles/main.dir/__/lib/pico-sdk/src/rp2_common/hardware_sync/sync.c.obj
 *fill*         0x000000001000932f        0x1 
 .rodata.make_branch.str1.4
                0x0000000010009330       0xab CMakeFiles/main.dir/__/lib/pico-sdk/src/rp2_common/hardware_irq/irq.c.obj
 *fill*         0x00000000100093db        0x1 
 .rodata.insert_branch_and_link.str1.4
                0x00000000100093dc       0x10 CMakeFiles/main.dir/__/lib/pico-sdk/src/rp2_common/hardware_irq/irq.c.obj
 .rodata.irq_set_exclusive_handler.str1.4
                0x00000000100093ec       0x36 CMakeFiles/main.dir/__/lib/pico-sdk/src/rp2_common/hardware_irq/irq.c.obj
 *fill*         0x0000000010009422        0x2 
 .rodata.irq_add_shared_handler.str1.4
                0x0000000010009424       0xd9 CMakeFiles/main.dir/__/lib/pico-sdk/src/rp2_common/hardware_irq/irq.c.obj
 *fill*         0x00000000100094fd        0x3 
 .rodata.irq_remove_handler.str1.4
                0x0000000010009500       0x2a CMakeFiles/main.dir/__/lib/pico-sdk/src/rp2_common/hardware_irq/irq.c.obj
 *fill*         0x000000001000952a        0x2 
 .rodata.irq_add_tail_to_free_list.str1.4
                0x000000001000952c       0x3a CMakeFiles/main.dir/__/lib/pico-sdk/src/rp2_common/hardware_irq/irq.c.obj
 *fill*         0x0000000010009566        0x2 
 .rodata.user_irq_claim_unused.str1.4
                0x0000000010009568       0x1b CMakeFiles/main.dir/__/lib/pico-sdk/src/rp2_common/hardware_irq/irq.c.obj
 *fill*         0x0000000010009583        0x1 
 .rodata.__func__.0
                0x0000000010009584       0x1a CMakeFiles/main.dir/__/lib/pico-sdk/src/rp2_common/hardware_irq/irq.c.obj
 *fill*         0x000000001000959e        0x2 
 .rodata.__func__.1
                0x00000000100095a0       0x17 CMakeFiles/main.dir/__/lib/pico-sdk/src/rp2_common/hardware_irq/irq.c.obj
 *fill*         0x00000000100095b7        0x1 
 .rodata.__func__.2
                0x00000000100095b8       0x13 CMakeFiles/main.dir/__/lib/pico-sdk/src/rp2_common/hardware_irq/irq.c.obj
 *fill*         0x00000000100095cb        0x1 
 .rodata.__func__.3
                0x00000000100095cc        0xc CMakeFiles/main.dir/__/lib/pico-sdk/src/rp2_common/hardware_irq/irq.c.obj
 .rodata.__func__.4
                0x00000000100095d8        0xf CMakeFiles/main.dir/__/lib/pico-sdk/src/rp2_common/hardware_irq/irq.c.obj
 *fill*         0x00000000100095e7        0x1 
 .rodata.__func__.5
                0x00000000100095e8       0x17 CMakeFiles/main.dir/__/lib/pico-sdk/src/rp2_common/hardware_irq/irq.c.obj
 *fill*         0x00000000100095ff        0x1 
 .rodata.__func__.6
                0x0000000010009600       0x1a CMakeFiles/main.dir/__/lib/pico-sdk/src/rp2_common/hardware_irq/irq.c.obj
 *fill*         0x000000001000961a        0x2 
 .rodata.repeating_timer_callback.str1.4
                0x000000001000961c       0x89 CMakeFiles/main.dir/__/lib/pico-sdk/src/common/pico_time/time.c.obj
 *fill*         0x00000000100096a5        0x3 
 .rodata.alarm_pool_dump_key.str1.4
                0x00000000100096a8       0x33 CMakeFiles/main.dir/__/lib/pico-sdk/src/common/pico_time/time.c.obj
 *fill*         0x00000000100096db        0x1 
 .rodata.ph_add_child_node.str1.4
                0x00000000100096dc       0xd2 CMakeFiles/main.dir/__/lib/pico-sdk/src/common/pico_time/time.c.obj
 *fill*         0x00000000100097ae        0x2 
 .rodata.add_alarm_under_lock.str1.4
                0x00000000100097b0       0x28 CMakeFiles/main.dir/__/lib/pico-sdk/src/common/pico_time/time.c.obj
                                         0x2b (size before relaxing)
 .rodata.alarm_pool_alarm_callback.str1.4
                0x00000000100097d8       0x82 CMakeFiles/main.dir/__/lib/pico-sdk/src/common/pico_time/time.c.obj
                                        0x122 (size before relaxing)
 *fill*         0x000000001000985a        0x2 
 .rodata.alarm_pool_get_default.str1.4
                0x000000001000985c       0x21 CMakeFiles/main.dir/__/lib/pico-sdk/src/common/pico_time/time.c.obj
 *fill*         0x000000001000987d        0x3 
 .rodata.alarm_pool_cancel_alarm.str1.4
                0x0000000010009880       0x27 CMakeFiles/main.dir/__/lib/pico-sdk/src/common/pico_time/time.c.obj
 *fill*         0x00000000100098a7        0x1 
 .rodata.sleep_until.str1.4
                0x00000000100098a8       0x4d CMakeFiles/main.dir/__/lib/pico-sdk/src/common/pico_time/time.c.obj
 *fill*         0x00000000100098f5        0x3 
 .rodata.__func__.1
                0x00000000100098f8       0x18 CMakeFiles/main.dir/__/lib/pico-sdk/src/common/pico_time/time.c.obj
 .rodata.__func__.10
                0x0000000010009910       0x15 CMakeFiles/main.dir/__/lib/pico-sdk/src/common/pico_time/time.c.obj
 *fill*         0x0000000010009925        0x3 
 .rodata.__func__.11
                0x0000000010009928       0x1a CMakeFiles/main.dir/__/lib/pico-sdk/src/common/pico_time/time.c.obj
 *fill*         0x0000000010009942        0x2 
 .rodata.__func__.12
                0x0000000010009944        0xa CMakeFiles/main.dir/__/lib/pico-sdk/src/common/pico_time/time.c.obj
 *fill*         0x000000001000994e        0x2 
 .rodata.__func__.3
                0x0000000010009950       0x17 CMakeFiles/main.dir/__/lib/pico-sdk/src/common/pico_time/time.c.obj
 *fill*         0x0000000010009967        0x1 
 .rodata.__func__.4
                0x0000000010009968       0x12 CMakeFiles/main.dir/__/lib/pico-sdk/src/common/pico_time/time.c.obj
 *fill*         0x000000001000997a        0x2 
 .rodata.__func__.5
                0x000000001000997c        0xd CMakeFiles/main.dir/__/lib/pico-sdk/src/common/pico_time/time.c.obj
 *fill*         0x0000000010009989        0x3 
 .rodata.__func__.6
                0x000000001000998c       0x12 CMakeFiles/main.dir/__/lib/pico-sdk/src/common/pico_time/time.c.obj
 *fill*         0x000000001000999e        0x2 
 .rodata.__func__.7
                0x00000000100099a0        0xf CMakeFiles/main.dir/__/lib/pico-sdk/src/common/pico_time/time.c.obj
 *fill*         0x00000000100099af        0x1 
 .rodata.__func__.8
                0x00000000100099b0        0xc CMakeFiles/main.dir/__/lib/pico-sdk/src/common/pico_time/time.c.obj
 .rodata.__func__.9
                0x00000000100099bc       0x15 CMakeFiles/main.dir/__/lib/pico-sdk/src/common/pico_time/time.c.obj
 *fill*         0x00000000100099d1        0x7 
 .rodata.at_the_end_of_time
                0x00000000100099d8        0x8 CMakeFiles/main.dir/__/lib/pico-sdk/src/common/pico_time/time.c.obj
                0x00000000100099d8                at_the_end_of_time
 .rodata.hardware_alarm_claim.str1.4
                0x00000000100099e0       0x22 CMakeFiles/main.dir/__/lib/pico-sdk/src/rp2_common/hardware_timer/timer.c.obj
 .rodata.busy_wait_us.str1.4
                0x0000000010009a02       0x9f CMakeFiles/main.dir/__/lib/pico-sdk/src/rp2_common/hardware_timer/timer.c.obj
 *fill*         0x0000000010009a02        0x2 
 .rodata.hardware_alarm_set_target.str1.4
                0x0000000010009a04       0xa3 CMakeFiles/main.dir/__/lib/pico-sdk/src/rp2_common/hardware_timer/timer.c.obj
 *fill*         0x0000000010009aa7        0x1 
 .rodata.__func__.0
                0x0000000010009aa8       0x1a CMakeFiles/main.dir/__/lib/pico-sdk/src/rp2_common/hardware_timer/timer.c.obj
 *fill*         0x0000000010009ac2        0x2 
 .rodata.__func__.1
                0x0000000010009ac4       0x15 CMakeFiles/main.dir/__/lib/pico-sdk/src/rp2_common/hardware_timer/timer.c.obj
 .rodata.ph_add_child_node.str1.4
                0x0000000010009ad9       0xd2 CMakeFiles/main.dir/__/lib/pico-sdk/src/common/pico_util/pheap.c.obj
 *fill*         0x0000000010009ad9        0x3 
 .rodata.ph_remove_any_head.str1.4
                0x0000000010009adc       0xcc CMakeFiles/main.dir/__/lib/pico-sdk/src/common/pico_util/pheap.c.obj
 .rodata.ph_remove_and_free_node.str1.4
                0x0000000010009ba8       0x1e CMakeFiles/main.dir/__/lib/pico-sdk/src/common/pico_util/pheap.c.obj
                                         0x26 (size before relaxing)
 *fill*         0x0000000010009bc6        0x2 
 .rodata.__func__.0
                0x0000000010009bc8       0x18 CMakeFiles/main.dir/__/lib/pico-sdk/src/common/pico_util/pheap.c.obj
 .rodata.__func__.1
                0x0000000010009be0       0x13 CMakeFiles/main.dir/__/lib/pico-sdk/src/common/pico_util/pheap.c.obj
 *fill*         0x0000000010009bf3        0x1 
 .rodata.__func__.2
                0x0000000010009bf4       0x12 CMakeFiles/main.dir/__/lib/pico-sdk/src/common/pico_util/pheap.c.obj
 *fill*         0x0000000010009c06        0x2 
 .rodata.__func__.3
                0x0000000010009c08        0xc CMakeFiles/main.dir/__/lib/pico-sdk/src/common/pico_util/pheap.c.obj
 .rodata.str1.4
                0x0000000010009c14       0xc9 CMakeFiles/main.dir/__/lib/pico-sdk/src/common/pico_sync/mutex.c.obj
                                        0x169 (size before relaxing)
 *fill*         0x0000000010009cdd        0x3 
 .rodata.__func__.1
                0x0000000010009ce0        0xb CMakeFiles/main.dir/__/lib/pico-sdk/src/common/pico_sync/mutex.c.obj
 *fill*         0x0000000010009ceb        0x1 
 .rodata.__func__.3
                0x0000000010009cec       0x18 CMakeFiles/main.dir/__/lib/pico-sdk/src/common/pico_sync/mutex.c.obj
 .rodata.__func__.4
                0x0000000010009d04       0x15 CMakeFiles/main.dir/__/lib/pico-sdk/src/common/pico_sync/mutex.c.obj
 *fill*         0x0000000010009d19        0x3 
 .rodata.__assert_func.str1.4
                0x0000000010009d1c       0x3f CMakeFiles/main.dir/__/lib/pico-sdk/src/rp2_common/pico_runtime/runtime.c.obj
                                         0x43 (size before relaxing)
 *fill*         0x0000000010009d5b        0x1 
 .rodata.runtime_init.str1.4
                0x0000000010009d5c       0x9f CMakeFiles/main.dir/__/lib/pico-sdk/src/rp2_common/pico_runtime/runtime.c.obj
 *fill*         0x0000000010009dfb        0x1 
 .rodata.panic.str1.4
                0x0000000010009dfc       0x10 CMakeFiles/main.dir/__/lib/pico-sdk/src/rp2_common/pico_runtime/runtime.c.obj
                                         0x12 (size before relaxing)
 .rodata.__func__.1
                0x0000000010009e0c        0xd CMakeFiles/main.dir/__/lib/pico-sdk/src/rp2_common/pico_runtime/runtime.c.obj
 *fill*         0x0000000010009e19        0x3 
 .rodata.clock_configure.str1.4
                0x0000000010009e1c       0x95 CMakeFiles/main.dir/__/lib/pico-sdk/src/rp2_common/hardware_clocks/clocks.c.obj
 *fill*         0x0000000010009eb1        0x3 
 .rodata.__func__.1
                0x0000000010009eb4       0x10 CMakeFiles/main.dir/__/lib/pico-sdk/src/rp2_common/hardware_clocks/clocks.c.obj
 .rodata.pll_init.str1.4
                0x0000000010009ec4      0x177 CMakeFiles/main.dir/__/lib/pico-sdk/src/rp2_common/hardware_pll/pll.c.obj
 *fill*         0x000000001000a03b        0x1 
 .rodata.__func__.0
                0x000000001000a03c        0x9 CMakeFiles/main.dir/__/lib/pico-sdk/src/rp2_common/hardware_pll/pll.c.obj
 *fill*         0x000000001000a045        0x3 
 .rodata._ftoa.str1.4
                0x000000001000a048       0x15 CMakeFiles/main.dir/__/lib/pico-sdk/src/rp2_common/pico_printf/printf.c.obj
 *fill*         0x000000001000a05d        0x3 
 .rodata._vsnprintf
                0x000000001000a060      0x1e0 CMakeFiles/main.dir/__/lib/pico-sdk/src/rp2_common/pico_printf/printf.c.obj
 .rodata.pow10.0
                0x000000001000a240       0x50 CMakeFiles/main.dir/__/lib/pico-sdk/src/rp2_common/pico_printf/printf.c.obj
 .rodata.missing_double_func_shim.str1.4
                0x000000001000a290       0x18 CMakeFiles/main.dir/__/lib/pico-sdk/src/rp2_common/pico_double/double_init_rom.c.obj
 .rodata.__aeabi_double_init.str1.4
                0x000000001000a2a8       0xe6 CMakeFiles/main.dir/__/lib/pico-sdk/src/rp2_common/pico_double/double_init_rom.c.obj
 *fill*         0x000000001000a38e        0x2 
 .rodata.__func__.0
                0x000000001000a390       0x14 CMakeFiles/main.dir/__/lib/pico-sdk/src/rp2_common/pico_double/double_init_rom.c.obj
 .rodata.missing_float_func_shim.str1.4
                0x000000001000a3a4        0x1 CMakeFiles/main.dir/__/lib/pico-sdk/src/rp2_common/pico_float/float_init_rom.c.obj
 .rodata.__aeabi_float_init.str1.4
                0x000000001000a3a4       0xb8 CMakeFiles/main.dir/__/lib/pico-sdk/src/rp2_common/pico_float/float_init_rom.c.obj
 .rodata.__func__.0
                0x000000001000a45c       0x13 CMakeFiles/main.dir/__/lib/pico-sdk/src/rp2_common/pico_float/float_init_rom.c.obj
 *fill*         0x000000001000a46f        0x1 
 .rodata.__wrap_malloc.str1.4
                0x000000001000a470        0xe CMakeFiles/main.dir/__/lib/pico-sdk/src/rp2_common/pico_malloc/pico_malloc.c.obj
 *fill*         0x000000001000a47e        0x2 
 .rodata.str1.4
                0x000000001000a480       0x4c CMakeFiles/main.dir/__/lib/pico-sdk/src/rp2_common/pico_standard_link/binary_info.c.obj
 .rodata.__bi_44
                0x000000001000a4cc        0xc CMakeFiles/main.dir/__/lib/pico-sdk/src/rp2_common/pico_standard_link/binary_info.c.obj
 .rodata.__bi_75
                0x000000001000a4d8        0xc CMakeFiles/main.dir/__/lib/pico-sdk/src/rp2_common/pico_standard_link/binary_info.c.obj
 .rodata.__bi_81
                0x000000001000a4e4        0xc CMakeFiles/main.dir/__/lib/pico-sdk/src/rp2_common/pico_standard_link/binary_info.c.obj
 .rodata.__wrap_getchar.str1.4
                0x000000001000a4f0       0x87 CMakeFiles/main.dir/__/lib/pico-sdk/src/rp2_common/pico_stdio/stdio.c.obj
 .rodata.getchar_timeout_us.str1.4
                0x000000001000a577       0xa3 CMakeFiles/main.dir/__/lib/pico-sdk/src/rp2_common/pico_stdio/stdio.c.obj
 *fill*         0x000000001000a577        0x1 
 .rodata.__func__.0
                0x000000001000a578       0x15 CMakeFiles/main.dir/__/lib/pico-sdk/src/rp2_common/pico_stdio/stdio.c.obj
 *fill*         0x000000001000a58d        0x3 
 .rodata.__func__.1
                0x000000001000a590       0x13 CMakeFiles/main.dir/__/lib/pico-sdk/src/rp2_common/pico_stdio/stdio.c.obj
 *fill*         0x000000001000a5a3        0x1 
 .rodata.__func__.2
                0x000000001000a5a4        0xf CMakeFiles/main.dir/__/lib/pico-sdk/src/rp2_common/pico_stdio/stdio.c.obj
 *fill*         0x000000001000a5b3        0x1 
 .rodata.crlf_str.3
                0x000000001000a5b4        0x2 CMakeFiles/main.dir/__/lib/pico-sdk/src/rp2_common/pico_stdio/stdio.c.obj
 *fill*         0x000000001000a5b6        0x2 
 .rodata._resetd_driver
                0x000000001000a5b8       0x18 CMakeFiles/main.dir/__/lib/pico-sdk/src/rp2_common/pico_stdio_usb/reset_interface.c.obj
 .rodata.timer_task.str1.4
                0x000000001000a5d0       0xab CMakeFiles/main.dir/__/lib/pico-sdk/src/rp2_common/pico_stdio_usb/stdio_usb.c.obj
 .rodata.stdio_usb_init.str1.4